Component: ARM Compiler 5.06 update 7 (build 960) Tool: armlink [4d3601]

==============================================================================

Section Cross References

    main.o(i.SysTick_Handler) refers to stm32f4xx_hal.o(i.HAL_IncTick) for HAL_IncTick
    main.o(i.main) refers to stm32f4xx_hal.o(i.HAL_Init) for HAL_Init
    main.o(i.main) refers to cxa_guard_acquire.o(i.__cxa_guard_acquire) for __cxa_guard_acquire
    main.o(i.main) refers to ds3231.o(i._ZN6DS3231C1EP11I2C_TypeDefR11pinStruct_tS3_) for DS3231::DS3231(I2C_TypeDef*, pinStruct_t&, pinStruct_t&)
    main.o(i.main) refers to bme280.o(i._ZN6BME280C1EP11I2C_TypeDefR11pinStruct_tS3_) for BME280::BME280(I2C_TypeDef*, pinStruct_t&, pinStruct_t&)
    main.o(i.main) refers to lcd.o(i._ZN3LCDC1ER11pinStruct_tS1_S1_S1_S1_S1_) for LCD::LCD(pinStruct_t&, pinStruct_t&, pinStruct_t&, pinStruct_t&, pinStruct_t&, pinStruct_t&)
    main.o(i.main) refers to ds3231.o(i._ZN6DS32319SetFormatEh) for DS3231::SetFormat(unsigned char)
    main.o(i.main) refers to ds3231.o(i._ZN6DS32317SetTimeEhh) for DS3231::SetTime(unsigned char, unsigned char)
    main.o(i.main) refers to lcd.o(i._ZN3LCD5PrintEPKc) for LCD::Print(const char*)
    main.o(i.main) refers to lcd.o(i._ZN3LCD9SetCursorEhh) for LCD::SetCursor(unsigned char, unsigned char)
    main.o(i.main) refers to ds3231.o(i._ZN6DS32317GetTimeEv) for DS3231::GetTime()
    main.o(i.main) refers to lcd.o(i._ZN3LCD5PrintERh) for LCD::Print(unsigned char&)
    main.o(i.main) refers to lcd.o(i._ZN3LCD5PrintEc) for LCD::Print(char)
    main.o(i.main) refers to bme280.o(i._ZN6BME2807GetDataEv) for BME280::GetData()
    main.o(i.main) refers to main.o(.constdata) for .constdata
    main.o(i.main) refers to main.o(.data) for _ZGVds3231
    main.o(i.main) refers to main.o(.bss) for ds3231
    main.o(.ARM.exidx) refers to main.o(i.main) for i.main
    main.o(.ARM.exidx) refers to main.o(i.SysTick_Handler) for i.SysTick_Handler
    ds3231.o(i._ZN6DS32317GetTimeEv) refers to stm32f4xx_hal_i2c.o(i.HAL_I2C_Mem_Read) for HAL_I2C_Mem_Read
    ds3231.o(i._ZN6DS32317GetTimeEv) refers to ds3231.o(i._Z10BCD_To_Hexh) for BCD_To_Hex(unsigned char)
    ds3231.o(i._ZN6DS32317SetTimeEhh) refers to ds3231.o(i._Z10Hex_To_BCDh) for Hex_To_BCD(unsigned char)
    ds3231.o(i._ZN6DS32317SetTimeEhh) refers to stm32f4xx_hal_i2c.o(i.HAL_I2C_Mem_Read) for HAL_I2C_Mem_Read
    ds3231.o(i._ZN6DS32317SetTimeEhh) refers to stm32f4xx_hal_i2c.o(i.HAL_I2C_Mem_Write) for HAL_I2C_Mem_Write
    ds3231.o(i._ZN6DS32319SetFormatEh) refers to stm32f4xx_hal_i2c.o(i.HAL_I2C_Mem_Read) for HAL_I2C_Mem_Read
    ds3231.o(i._ZN6DS32319SetFormatEh) refers to stm32f4xx_hal_i2c.o(i.HAL_I2C_Mem_Write) for HAL_I2C_Mem_Write
    ds3231.o(i._ZN6DS3231C1EP11I2C_TypeDefR11pinStruct_tS3_) refers to rt_memclr_w.o(.text) for __aeabi_memclr4
    ds3231.o(i._ZN6DS3231C1EP11I2C_TypeDefR11pinStruct_tS3_) refers to stm32f4xx_hal_gpio.o(i.HAL_GPIO_Init) for HAL_GPIO_Init
    ds3231.o(i._ZN6DS3231C1EP11I2C_TypeDefR11pinStruct_tS3_) refers to stm32f4xx_hal_i2c.o(i.HAL_I2C_Init) for HAL_I2C_Init
    ds3231.o(.ARM.exidx) refers to ds3231.o(i._Z10BCD_To_Hexh) for i._Z10BCD_To_Hexh
    ds3231.o(.ARM.exidx) refers to ds3231.o(i._Z10Hex_To_BCDh) for i._Z10Hex_To_BCDh
    ds3231.o(.ARM.exidx) refers to ds3231.o(i._ZN6DS3231C1EP11I2C_TypeDefR11pinStruct_tS3_) for i._ZN6DS3231C1EP11I2C_TypeDefR11pinStruct_tS3_
    ds3231.o(.ARM.exidx) refers to ds3231.o(i._ZN6DS32319SetFormatEh) for i._ZN6DS32319SetFormatEh
    ds3231.o(.ARM.exidx) refers to ds3231.o(i._ZN6DS32317SetTimeEhh) for i._ZN6DS32317SetTimeEhh
    ds3231.o(.ARM.exidx) refers to ds3231.o(i._ZN6DS32317GetTimeEv) for i._ZN6DS32317GetTimeEv
    bme280.o(i._ZN6BME2807GetDataEv) refers to stm32f4xx_hal_i2c.o(i.HAL_I2C_Mem_Write) for HAL_I2C_Mem_Write
    bme280.o(i._ZN6BME2807GetDataEv) refers to stm32f4xx_hal_i2c.o(i.HAL_I2C_Mem_Read) for HAL_I2C_Mem_Read
    bme280.o(i._ZN6BME2807GetDataEv) refers to bme280.o(.data) for rawAdcValue
    bme280.o(i._ZN6BME2807GetDataEv) refers to bme280.o(.bss) for bme280
    bme280.o(i._ZN6BME280C1EP11I2C_TypeDefR11pinStruct_tS3_) refers to rt_memclr_w.o(.text) for __aeabi_memclr4
    bme280.o(i._ZN6BME280C1EP11I2C_TypeDefR11pinStruct_tS3_) refers to stm32f4xx_hal_gpio.o(i.HAL_GPIO_Init) for HAL_GPIO_Init
    bme280.o(i._ZN6BME280C1EP11I2C_TypeDefR11pinStruct_tS3_) refers to stm32f4xx_hal_i2c.o(i.HAL_I2C_Init) for HAL_I2C_Init
    bme280.o(i._ZN6BME280C1EP11I2C_TypeDefR11pinStruct_tS3_) refers to stm32f4xx_hal_i2c.o(i.HAL_I2C_Mem_Read) for HAL_I2C_Mem_Read
    bme280.o(i._ZN6BME280C1EP11I2C_TypeDefR11pinStruct_tS3_) refers to bme280.o(i._Z34BME280_StoreCompensationParametersPhS_P17bme280CompParam_t) for BME280_StoreCompensationParameters(unsigned char*, unsigned char*, bme280CompParam_t*)
    bme280.o(i._ZN6BME280C1EP11I2C_TypeDefR11pinStruct_tS3_) refers to bme280.o(.bss) for bme280Calib00_25
[...]
    libspace.o(.text) refers to libspace.o(.bss) for __libspace_start
    rtexit.o(.ARM.Collect$$rtexit$$00000000) refers (Special) to rtexit2.o(.ARM.Collect$$rtexit$$00000004) for __rt_exit_exit
    rtexit.o(.ARM.Collect$$rtexit$$00000000) refers (Special) to rtexit2.o(.ARM.Collect$$rtexit$$00000003) for __rt_exit_ls
    rtexit.o(.ARM.Collect$$rtexit$$00000000) refers (Special) to rtexit2.o(.ARM.Collect$$rtexit$$00000002) for __rt_exit_prels_1
    rtexit.o(.ARM.exidx) refers (Special) to rtexit2.o(.ARM.Collect$$rtexit$$00000004) for __rt_exit_exit
    rtexit.o(.ARM.exidx) refers (Special) to rtexit2.o(.ARM.Collect$$rtexit$$00000003) for __rt_exit_ls
    rtexit.o(.ARM.exidx) refers (Special) to rtexit2.o(.ARM.Collect$$rtexit$$00000002) for __rt_exit_prels_1
    rtexit.o(.ARM.exidx) refers to rtexit.o(.ARM.Collect$$rtexit$$00000000) for .ARM.Collect$$rtexit$$00000000
    rt_raise.o(.text) refers to __raise.o(.text) for __raise
    rt_raise.o(.text) refers to sys_exit.o(.text) for _sys_exit
    defsig_exit.o(.text) refers to sys_exit.o(.text) for _sys_exit
    defsig_fpe_inner.o(.text) refers to defsig_general.o(.text) for __default_signal_display
    libinit2.o(.ARM.Collect$$libinit$$00000001) refers to fpinit.o(x$fpl$fpinit) for _fp_init
    libinit2.o(.ARM.Collect$$libinit$$00000010) refers to libinit2.o(.ARM.Collect$$libinit$$0000000F) for .ARM.Collect$$libinit$$0000000F
    libinit2.o(.ARM.Collect$$libinit$$00000012) refers to libinit2.o(.ARM.Collect$$libinit$$0000000F) for .ARM.Collect$$libinit$$0000000F
    libinit2.o(.ARM.Collect$$libinit$$00000014) refers to libinit2.o(.ARM.Collect$$libinit$$0000000F) for .ARM.Collect$$libinit$$0000000F
    libinit2.o(.ARM.Collect$$libinit$$00000016) refers to libinit2.o(.ARM.Collect$$libinit$$0000000F) for .ARM.Collect$$libinit$$0000000F
    libinit2.o(.ARM.Collect$$libinit$$00000018) refers to libinit2.o(.ARM.Collect$$libinit$$0000000F) for .ARM.Collect$$libinit$$0000000F
    libinit2.o(.ARM.Collect$$libinit$$00000026) refers to argv_veneer.o(.emb_text) for __ARM_argv_veneer
    libinit2.o(.ARM.Collect$$libinit$$00000027) refers to argv_veneer.o(.emb_text) for __ARM_argv_veneer
    sys_exit.o(.text) refers (Special) to use_no_semi.o(.text) for __I$use$semihosting
    sys_exit.o(.text) refers (Special) to indicate_semi.o(.text) for __semihosting_library_function
    rtexit2.o(.ARM.Collect$$rtexit$$00000003) refers to libshutdown.o(.ARM.Collect$$libshutdown$$00000000) for __rt_lib_shutdown
    rtexit2.o(.ARM.Collect$$rtexit$$00000004) refers to sys_exit.o(.text) for _sys_exit
    rtexit2.o(.ARM.exidx) refers to rtexit2.o(.ARM.Collect$$rtexit$$00000001) for .ARM.Collect$$rtexit$$00000001
    rtexit2.o(.ARM.exidx) refers to rtexit2.o(.ARM.Collect$$rtexit$$00000003) for .ARM.Collect$$rtexit$$00000003
    rtexit2.o(.ARM.exidx) refers to rtexit2.o(.ARM.Collect$$rtexit$$00000004) for .ARM.Collect$$rtexit$$00000004
    __raise.o(.text) refers to defsig.o(CL$$defsig) for __default_signal_handler
    defsig_general.o(.text) refers to sys_wrch.o(.text) for _ttywrch
    argv_veneer.o(.emb_text) refers to no_argv.o(.text) for __ARM_get_argv
    sys_wrch.o(.text) refers (Special) to use_no_semi.o(.text) for __I$use$semihosting
    sys_wrch.o(.text) refers (Special) to indicate_semi.o(.text) for __semihosting_library_function
    defsig.o(CL$$defsig) refers to defsig_fpe_inner.o(.text) for __rt_SIGFPE_inner
    defsig.o(CL$$defsig) refers to defsig_rtmem_inner.o(.text) for __rt_SIGRTMEM_inner
    _get_argv_nomalloc.o(.text) refers (Special) to hrguard.o(.text) for __heap_region$guard
    _get_argv_nomalloc.o(.text) refers to defsig_rtmem_outer.o(.text) for __rt_SIGRTMEM
    _get_argv_nomalloc.o(.text) refers to sys_command.o(.text) for _sys_command_string
    libshutdown.o(.ARM.Collect$$libshutdown$$00000000) refers (Special) to libshutdown2.o(.ARM.Collect$$libshutdown$$00000004) for __rt_lib_shutdown_cpp_1
    libshutdown.o(.ARM.Collect$$libshutdown$$00000000) refers (Special) to libshutdown2.o(.ARM.Collect$$libshutdown$$00000002) for __rt_lib_shutdown_fini_1
    libshutdown.o(.ARM.Collect$$libshutdown$$00000000) refers (Special) to libshutdown2.o(.ARM.Collect$$libshutdown$$00000009) for __rt_lib_shutdown_fp_trap_1
    libshutdown.o(.ARM.Collect$$libshutdown$$00000000) refers (Special) to libshutdown2.o(.ARM.Collect$$libshutdown$$00000011) for __rt_lib_shutdown_heap_1
    libshutdown.o(.ARM.Collect$$libshutdown$$00000000) refers (Special) to libshutdown2.o(.ARM.Collect$$libshutdown$$00000012) for __rt_lib_shutdown_return
    libshutdown.o(.ARM.Collect$$libshutdown$$00000000) refers (Special) to libshutdown2.o(.ARM.Collect$$libshutdown$$0000000C) for __rt_lib_shutdown_signal_1
    libshutdown.o(.ARM.Collect$$libshutdown$$00000000) refers (Special) to libshutdown2.o(.ARM.Collect$$libshutdown$$00000006) for __rt_lib_shutdown_stdio_1
    libshutdown.o(.ARM.Collect$$libshutdown$$00000000) refers (Special) to libshutdown2.o(.ARM.Collect$$libshutdown$$0000000E) for __rt_lib_shutdown_user_alloc_1
    sys_command.o(.text) refers (Special) to use_no_semi.o(.text) for __I$use$semihosting
    sys_command.o(.text) refers (Special) to indicate_semi.o(.text) for __semihosting_library_function
    defsig_abrt_inner.o(.text) refers to defsig_general.o(.text) for __default_signal_display
    defsig_rtred_inner.o(.text) refers to defsig_general.o(.text) for __default_signal_display
    defsig_rtmem_inner.o(.text) refers to defsig_general.o(.text) for __default_signal_display
    defsig_rtmem_outer.o(.text) refers to defsig_rtmem_inner.o(.text) for __rt_SIGRTMEM_inner
    defsig_rtmem_outer.o(.text) refers to defsig_exit.o(.text) for __sig_exit
    defsig_rtmem_formal.o(.text) refers to rt_raise.o(.text) for __rt_raise
    defsig_stak_inner.o(.text) refers to defsig_general.o(.text) for __default_signal_display
    defsig_pvfn_inner.o(.text) refers to defsig_general.o(.text) for __default_signal_display
    defsig_cppl_inner.o(.text) refers to defsig_general.o(.text) for __default_signal_display
    defsig_segv_inner.o(.text) refers to defsig_general.o(.text) for __default_signal_display
    defsig_other.o(.text) refers to defsig_general.o(.text) for __default_signal_display


==============================================================================

Removing Unused input sections from the image.

    Removing main.o(.rev16_text), (4 bytes).
    Removing main.o(.revsh_text), (4 bytes).
    Removing main.o(.rrx_text), (6 bytes).
    Removing main.o(.ARM.exidx), (8 bytes).
    Removing main.o(.ARM.exidx), (8 bytes).
    Removing ds3231.o(.rev16_text), (4 bytes).
    Removing ds3231.o(.revsh_text), (4 bytes).
    Removing ds3231.o(.rrx_text), (6 bytes).
    Removing ds3231.o(.ARM.exidx), (8 bytes).
    Removing ds3231.o(.ARM.exidx), (8 bytes).
    Removing ds3231.o(.ARM.exidx), (8 bytes).
    Removing ds3231.o(.ARM.exidx), (8 bytes).
    Removing ds3231.o(.ARM.exidx), (8 bytes).
    Removing ds3231.o(.ARM.exidx), (8 bytes).
    Removing bme280.o(.rev16_text), (4 bytes).
    Removing bme280.o(.revsh_text), (4 bytes).
    Removing bme280.o(.rrx_text), (6 bytes).
    Removing bme280.o(.ARM.exidx), (8 bytes).
    Removing bme280.o(.ARM.exidx), (8 bytes).
    Removing bme280.o(.ARM.exidx), (8 bytes).
    Removing lcd.o(.rev16_text), (4 bytes).
    Removing lcd.o(.revsh_text), (4 bytes).
    Removing lcd.o(.rrx_text), (6 bytes).
    Removing lcd.o(i._ZN3LCD5ClearEv), (16 bytes).
    Removing lcd.o(i._ZN3LCD5PrintERj), (16 bytes).
    Removing lcd.o(i._ZN3LCD5PrintERt), (16 bytes).
    Removing lcd.o(.ARM.exidx), (8 bytes).
    Removing lcd.o(.ARM.exidx), (8 bytes).
    Removing lcd.o(.ARM.exidx), (8 bytes).
    Removing lcd.o(.ARM.exidx), (8 bytes).
    Removing lcd.o(.ARM.exidx), (8 bytes).
    Removing lcd.o(.ARM.exidx), (8 bytes).
    Removing lcd.o(.ARM.exidx), (8 bytes).
    Removing lcd.o(.ARM.exidx), (8 bytes).
    Removing lcd.o(.ARM.exidx), (8 bytes).
    Removing lcd.o(.ARM.exidx), (8 bytes).
    Removing lcd.o(.ARM.exidx), (8 bytes).
    Removing lcd.o(.ARM.exidx), (8 bytes).
    Removing lcd.o(.ARM.exidx), (8 bytes).
    Removing stm32f4xx_hal.o(.rev16_text), (4 bytes).
    Removing stm32f4xx_hal.o(.revsh_text), (4 bytes).
    Removing stm32f4xx_hal.o(.rrx_text), (6 bytes).
    Removing stm32f4xx_hal.o(i.HAL_DBGMCU_DisableDBGSleepMode), (20 bytes).
    Removing stm32f4xx_hal.o(i.HAL_DBGMCU_DisableDBGStandbyMode), (20 bytes).
    Removing stm32f4xx_hal.o(i.HAL_DBGMCU_DisableDBGStopMode), (20 bytes).
    Removing stm32f4xx_hal.o(i.HAL_DBGMCU_EnableDBGSleepMode), (20 bytes).
    Removing stm32f4xx_hal.o(i.HAL_DBGMCU_EnableDBGStandbyMode), (20 bytes).
    Removing stm32f4xx_hal.o(i.HAL_DBGMCU_EnableDBGStopMode), (20 bytes).
    Removing stm32f4xx_hal.o(i.HAL_DeInit), (68 bytes).
    Removing stm32f4xx_hal.o(i.HAL_DisableCompensationCell), (12 bytes).
    Removing stm32f4xx_hal.o(i.HAL_EnableCompensationCell), (12 bytes).
    Removing stm32f4xx_hal.o(i.HAL_GetDEVID), (16 bytes).
    Removing stm32f4xx_hal.o(i.HAL_GetHalVersion), (8 bytes).
    Removing stm32f4xx_hal.o(i.HAL_GetREVID), (12 bytes).
    Removing stm32f4xx_hal.o(i.HAL_GetTickFreq), (12 bytes).
    Removing stm32f4xx_hal.o(i.HAL_GetTickPrio), (12 bytes).
    Removing stm32f4xx_hal.o(i.HAL_GetUIDw0), (12 bytes).
    Removing stm32f4xx_hal.o(i.HAL_GetUIDw1), (12 bytes).
    Removing stm32f4xx_hal.o(i.HAL_GetUIDw2), (12 bytes).
    Removing stm32f4xx_hal.o(i.HAL_MspDeInit), (2 bytes).
    Removing stm32f4xx_hal.o(i.HAL_ResumeTick), (18 bytes).
    Removing stm32f4xx_hal.o(i.HAL_SetTickFreq), (48 bytes).
    Removing stm32f4xx_hal.o(i.HAL_SuspendTick), (18 bytes).
    Removing stm32f4xx_hal_cortex.o(.rev16_text), (4 bytes).
    Removing stm32f4xx_hal_cortex.o(.revsh_text), (4 bytes).
    Removing stm32f4xx_hal_cortex.o(.rrx_text), (6 bytes).
    Removing stm32f4xx_hal_cortex.o(i.HAL_MPU_ConfigRegion), (92 bytes).
    Removing stm32f4xx_hal_cortex.o(i.HAL_MPU_Disable), (32 bytes).
    Removing stm32f4xx_hal_cortex.o(i.HAL_MPU_Enable), (40 bytes).
    Removing stm32f4xx_hal_cortex.o(i.HAL_NVIC_ClearPendingIRQ), (36 bytes).
    Removing stm32f4xx_hal_cortex.o(i.HAL_NVIC_DisableIRQ), (44 bytes).
    Removing stm32f4xx_hal_cortex.o(i.HAL_NVIC_EnableIRQ), (40 bytes).
    Removing stm32f4xx_hal_cortex.o(i.HAL_NVIC_GetActive), (48 bytes).
    Removing stm32f4xx_hal_cortex.o(i.HAL_NVIC_GetPendingIRQ), (48 bytes).
    Removing stm32f4xx_hal_cortex.o(i.HAL_NVIC_GetPriority), (148 bytes).
    Removing stm32f4xx_hal_cortex.o(i.HAL_NVIC_GetPriorityGrouping), (8 bytes).
    Removing stm32f4xx_hal_cortex.o(i.HAL_NVIC_SetPendingIRQ), (36 bytes).
    Removing stm32f4xx_hal_cortex.o(i.HAL_NVIC_SystemReset), (44 bytes).
    Removing stm32f4xx_hal_cortex.o(i.HAL_SYSTICK_CLKSourceConfig), (40 bytes).
    Removing stm32f4xx_hal_cortex.o(i.HAL_SYSTICK_Callback), (2 bytes).
    Removing stm32f4xx_hal_cortex.o(i.HAL_SYSTICK_IRQHandler), (8 bytes).
    Removing stm32f4xx_hal_dma.o(.rev16_text), (4 bytes).
    Removing stm32f4xx_hal_dma.o(.revsh_text), (4 bytes).
    Removing stm32f4xx_hal_dma.o(.rrx_text), (6 bytes).
    Removing stm32f4xx_hal_dma.o(i.DMA_CalcBaseAndBitshift), (52 bytes).
    Removing stm32f4xx_hal_dma.o(i.DMA_CheckFifoParam), (170 bytes).
    Removing stm32f4xx_hal_dma.o(i.DMA_SetConfig), (44 bytes).
    Removing stm32f4xx_hal_dma.o(i.HAL_DMA_Abort), (170 bytes).
    Removing stm32f4xx_hal_dma.o(i.HAL_DMA_Abort_IT), (40 bytes).
    Removing stm32f4xx_hal_dma.o(i.HAL_DMA_DeInit), (112 bytes).
    Removing stm32f4xx_hal_dma.o(i.HAL_DMA_GetError), (6 bytes).
    Removing stm32f4xx_hal_dma.o(i.HAL_DMA_GetState), (8 bytes).
    Removing stm32f4xx_hal_dma.o(i.HAL_DMA_IRQHandler), (576 bytes).
    Removing stm32f4xx_hal_dma.o(i.HAL_DMA_Init), (236 bytes).
    Removing stm32f4xx_hal_dma.o(i.HAL_DMA_PollForTransfer), (346 bytes).
    Removing stm32f4xx_hal_dma.o(i.HAL_DMA_RegisterCallback), (94 bytes).
    Removing stm32f4xx_hal_dma.o(i.HAL_DMA_Start), (102 bytes).
    Removing stm32f4xx_hal_dma.o(i.HAL_DMA_Start_IT), (146 bytes).
    Removing stm32f4xx_hal_dma.o(i.HAL_DMA_UnRegisterCallback), (124 bytes).
    Removing stm32f4xx_hal_dma.o(.constdata), (8 bytes).
    Removing stm32f4xx_hal_dma_ex.o(.rev16_text), (4 bytes).
    Removing stm32f4xx_hal_dma_ex.o(.revsh_text), (4 bytes).
    Removing stm32f4xx_hal_dma_ex.o(.rrx_text), (6 bytes).
    Removing stm32f4xx_hal_dma_ex.o(i.DMA_MultiBufferSetConfig), (32 bytes).
    Removing stm32f4xx_hal_dma_ex.o(i.HAL_DMAEx_ChangeMemory), (18 bytes).
    Removing stm32f4xx_hal_dma_ex.o(i.HAL_DMAEx_MultiBufferStart), (124 bytes).
    Removing stm32f4xx_hal_dma_ex.o(i.HAL_DMAEx_MultiBufferStart_IT), (4056 bytes).
    Removing stm32f4xx_hal_gpio.o(.rev16_text), (4 bytes).
    Removing stm32f4xx_hal_gpio.o(.revsh_text), (4 bytes).
    Removing stm32f4xx_hal_gpio.o(.rrx_text), (6 bytes).
    Removing stm32f4xx_hal_gpio.o(i.HAL_GPIO_DeInit), (312 bytes).
    Removing stm32f4xx_hal_gpio.o(i.HAL_GPIO_EXTI_Callback), (2 bytes).
    Removing stm32f4xx_hal_gpio.o(i.HAL_GPIO_EXTI_IRQHandler), (28 bytes).
    Removing stm32f4xx_hal_gpio.o(i.HAL_GPIO_LockPin), (46 bytes).
    Removing stm32f4xx_hal_gpio.o(i.HAL_GPIO_ReadPin), (16 bytes).
    Removing stm32f4xx_hal_gpio.o(i.HAL_GPIO_TogglePin), (18 bytes).
    Removing stm32f4xx_hal_i2c.o(.rev16_text), (4 bytes).
    Removing stm32f4xx_hal_i2c.o(.revsh_text), (4 bytes).
    Removing stm32f4xx_hal_i2c.o(.rrx_text), (6 bytes).
    Removing stm32f4xx_hal_i2c.o(i.HAL_I2C_AbortCpltCallback), (2 bytes).
    Removing stm32f4xx_hal_i2c.o(i.HAL_I2C_AddrCallback), (2 bytes).
    Removing stm32f4xx_hal_i2c.o(i.HAL_I2C_DeInit), (60 bytes).
    Removing stm32f4xx_hal_i2c.o(i.HAL_I2C_DisableListen_IT), (70 bytes).
    Removing stm32f4xx_hal_i2c.o(i.HAL_I2C_ER_IRQHandler), (212 bytes).
    Removing stm32f4xx_hal_i2c.o(i.HAL_I2C_EV_IRQHandler), (468 bytes).
    Removing stm32f4xx_hal_i2c.o(i.HAL_I2C_EnableListen_IT), (70 bytes).
    Removing stm32f4xx_hal_i2c.o(i.HAL_I2C_ErrorCallback), (2 bytes).
    Removing stm32f4xx_hal_i2c.o(i.HAL_I2C_GetError), (6 bytes).
    Removing stm32f4xx_hal_i2c.o(i.HAL_I2C_GetMode), (8 bytes).
    Removing stm32f4xx_hal_i2c.o(i.HAL_I2C_GetState), (8 bytes).
    Removing stm32f4xx_hal_i2c.o(i.HAL_I2C_IsDeviceReady), (440 bytes).
    Removing stm32f4xx_hal_i2c.o(i.HAL_I2C_ListenCpltCallback), (2 bytes).
    Removing stm32f4xx_hal_i2c.o(i.HAL_I2C_MasterRxCpltCallback), (2 bytes).
    Removing stm32f4xx_hal_i2c.o(i.HAL_I2C_MasterTxCpltCallback), (2 bytes).
    Removing stm32f4xx_hal_i2c.o(i.HAL_I2C_Master_Abort_IT), (122 bytes).
    Removing stm32f4xx_hal_i2c.o(i.HAL_I2C_Master_Receive), (760 bytes).
    Removing stm32f4xx_hal_i2c.o(i.HAL_I2C_Master_Receive_DMA), (432 bytes).
    Removing stm32f4xx_hal_i2c.o(i.HAL_I2C_Master_Receive_IT), (256 bytes).
    Removing stm32f4xx_hal_i2c.o(i.HAL_I2C_Master_Seq_Receive_DMA), (648 bytes).
    Removing stm32f4xx_hal_i2c.o(i.HAL_I2C_Master_Seq_Receive_IT), (376 bytes).
    Removing stm32f4xx_hal_i2c.o(i.HAL_I2C_Master_Seq_Transmit_DMA), (520 bytes).
    Removing stm32f4xx_hal_i2c.o(i.HAL_I2C_Master_Seq_Transmit_IT), (296 bytes).
    Removing stm32f4xx_hal_i2c.o(i.HAL_I2C_Master_Transmit), (368 bytes).
    Removing stm32f4xx_hal_i2c.o(i.HAL_I2C_Master_Transmit_DMA), (432 bytes).
    Removing stm32f4xx_hal_i2c.o(i.HAL_I2C_Master_Transmit_IT), (244 bytes).
    Removing stm32f4xx_hal_i2c.o(i.HAL_I2C_MemRxCpltCallback), (2 bytes).
    Removing stm32f4xx_hal_i2c.o(i.HAL_I2C_MemTxCpltCallback), (2 bytes).
    Removing stm32f4xx_hal_i2c.o(i.HAL_I2C_Mem_Read_DMA), (576 bytes).
    Removing stm32f4xx_hal_i2c.o(i.HAL_I2C_Mem_Read_IT), (272 bytes).
    Removing stm32f4xx_hal_i2c.o(i.HAL_I2C_Mem_Write_DMA), (500 bytes).
    Removing stm32f4xx_hal_i2c.o(i.HAL_I2C_Mem_Write_IT), (256 bytes).
    Removing stm32f4xx_hal_i2c.o(i.HAL_I2C_MspDeInit), (2 bytes).
    Removing stm32f4xx_hal_i2c.o(i.HAL_I2C_SlaveRxCpltCallback), (2 bytes).
    Removing stm32f4xx_hal_i2c.o(i.HAL_I2C_SlaveTxCpltCallback), (2 bytes).
    Removing stm32f4xx_hal_i2c.o(i.HAL_I2C_Slave_Receive), (384 bytes).
    Removing stm32f4xx_hal_i2c.o(i.HAL_I2C_Slave_Receive_DMA), (268 bytes).
    Removing stm32f4xx_hal_i2c.o(i.HAL_I2C_Slave_Receive_IT), (152 bytes).
    Removing stm32f4xx_hal_i2c.o(i.HAL_I2C_Slave_Seq_Receive_DMA), (420 bytes).
    Removing stm32f4xx_hal_i2c.o(i.HAL_I2C_Slave_Seq_Receive_IT), (158 bytes).
    Removing stm32f4xx_hal_i2c.o(i.HAL_I2C_Slave_Seq_Transmit_DMA), (420 bytes).
    Removing stm32f4xx_hal_i2c.o(i.HAL_I2C_Slave_Seq_Transmit_IT), (158 bytes).
    Removing stm32f4xx_hal_i2c.o(i.HAL_I2C_Slave_Transmit), (404 bytes).
    Removing stm32f4xx_hal_i2c.o(i.HAL_I2C_Slave_Transmit_DMA), (268 bytes).
    Removing stm32f4xx_hal_i2c.o(i.HAL_I2C_Slave_Transmit_IT), (152 bytes).
    Removing stm32f4xx_hal_i2c.o(i.I2C_ConvertOtherXferOptions), (28 bytes).
    Removing stm32f4xx_hal_i2c.o(i.I2C_DMAAbort), (248 bytes).
    Removing stm32f4xx_hal_i2c.o(i.I2C_DMAError), (80 bytes).
    Removing stm32f4xx_hal_i2c.o(i.I2C_DMAXferCplt), (304 bytes).
    Removing stm32f4xx_hal_i2c.o(i.I2C_ITError), (428 bytes).
    Removing stm32f4xx_hal_i2c.o(i.I2C_MasterReceive_BTF), (294 bytes).
    Removing stm32f4xx_hal_i2c.o(i.I2C_MasterReceive_RXNE), (226 bytes).
    Removing stm32f4xx_hal_i2c.o(i.I2C_MasterRequestRead), (312 bytes).
    Removing stm32f4xx_hal_i2c.o(i.I2C_MasterRequestWrite), (192 bytes).
    Removing stm32f4xx_hal_i2c.o(i.I2C_MasterTransmit_BTF), (138 bytes).
    Removing stm32f4xx_hal_i2c.o(i.I2C_MasterTransmit_TXE), (216 bytes).
    Removing stm32f4xx_hal_i2c.o(i.I2C_Master_ADD10), (42 bytes).
    Removing stm32f4xx_hal_i2c.o(i.I2C_Master_ADDR), (616 bytes).
    Removing stm32f4xx_hal_i2c.o(i.I2C_Master_SB), (158 bytes).
    Removing stm32f4xx_hal_i2c.o(i.I2C_MemoryTransmit_TXE_BTF), (184 bytes).
    Removing stm32f4xx_hal_i2c.o(i.I2C_SlaveReceive_BTF), (26 bytes).
    Removing stm32f4xx_hal_i2c.o(i.I2C_SlaveReceive_RXNE), (70 bytes).
    Removing stm32f4xx_hal_i2c.o(i.I2C_SlaveTransmit_BTF), (26 bytes).
    Removing stm32f4xx_hal_i2c.o(i.I2C_SlaveTransmit_TXE), (70 bytes).
    Removing stm32f4xx_hal_i2c.o(i.I2C_Slave_ADDR), (102 bytes).
    Removing stm32f4xx_hal_i2c.o(i.I2C_Slave_AF), (160 bytes).
    Removing stm32f4xx_hal_i2c.o(i.I2C_Slave_STOPF), (396 bytes).
    Removing stm32f4xx_hal_i2c.o(i.I2C_WaitOnSTOPFlagUntilTimeout), (88 bytes).
    Removing stm32f4xx_hal_i2c.o(i.I2C_WaitOnSTOPRequestThroughIT), (80 bytes).
    Removing stm32f4xx_hal_i2c_ex.o(.rev16_text), (4 bytes).
    Removing stm32f4xx_hal_i2c_ex.o(.revsh_text), (4 bytes).
    Removing stm32f4xx_hal_i2c_ex.o(.rrx_text), (6 bytes).
    Removing stm32f4xx_hal_i2c_ex.o(i.HAL_I2CEx_ConfigAnalogFilter), (76 bytes).
    Removing stm32f4xx_hal_i2c_ex.o(i.HAL_I2CEx_ConfigDigitalFilter), (80 bytes).
    Removing stm32f4xx_hal_pwr.o(.rev16_text), (4 bytes).
    Removing stm32f4xx_hal_pwr.o(.revsh_text), (4 bytes).
    Removing stm32f4xx_hal_pwr.o(.rrx_text), (6 bytes).
    Removing stm32f4xx_hal_pwr.o(i.HAL_PWR_ConfigPVD), (180 bytes).
    Removing stm32f4xx_hal_pwr.o(i.HAL_PWR_DeInit), (28 bytes).
    Removing stm32f4xx_hal_pwr.o(i.HAL_PWR_DisableBkUpAccess), (12 bytes).
    Removing stm32f4xx_hal_pwr.o(i.HAL_PWR_DisablePVD), (12 bytes).
    Removing stm32f4xx_hal_pwr.o(i.HAL_PWR_DisableSEVOnPend), (20 bytes).
    Removing stm32f4xx_hal_pwr.o(i.HAL_PWR_DisableSleepOnExit), (20 bytes).
    Removing stm32f4xx_hal_pwr.o(i.HAL_PWR_DisableWakeUpPin), (16 bytes).
    Removing stm32f4xx_hal_pwr.o(i.HAL_PWR_EnableBkUpAccess), (12 bytes).
    Removing stm32f4xx_hal_pwr.o(i.HAL_PWR_EnablePVD), (12 bytes).
    Removing stm32f4xx_hal_pwr.o(i.HAL_PWR_EnableSEVOnPend), (20 bytes).
    Removing stm32f4xx_hal_pwr.o(i.HAL_PWR_EnableSleepOnExit), (20 bytes).
    Removing stm32f4xx_hal_pwr.o(i.HAL_PWR_EnableWakeUpPin), (16 bytes).
    Removing stm32f4xx_hal_pwr.o(i.HAL_PWR_EnterSLEEPMode), (32 bytes).
    Removing stm32f4xx_hal_pwr.o(i.HAL_PWR_EnterSTANDBYMode), (40 bytes).
    Removing stm32f4xx_hal_pwr.o(i.HAL_PWR_EnterSTOPMode), (64 bytes).
    Removing stm32f4xx_hal_pwr.o(i.HAL_PWR_PVDCallback), (2 bytes).
    Removing stm32f4xx_hal_pwr.o(i.HAL_PWR_PVD_IRQHandler), (32 bytes).
    Removing stm32f4xx_hal_pwr_ex.o(.rev16_text), (4 bytes).
    Removing stm32f4xx_hal_pwr_ex.o(.revsh_text), (4 bytes).
    Removing stm32f4xx_hal_pwr_ex.o(.rrx_text), (6 bytes).
    Removing stm32f4xx_hal_pwr_ex.o(i.HAL_PWREx_ControlVoltageScaling), (228 bytes).
    Removing stm32f4xx_hal_pwr_ex.o(i.HAL_PWREx_DisableBkUpReg), (60 bytes).
    Removing stm32f4xx_hal_pwr_ex.o(i.HAL_PWREx_DisableFlashPowerDown), (12 bytes).
    Removing stm32f4xx_hal_pwr_ex.o(i.HAL_PWREx_DisableLowRegulatorLowVoltage), (12 bytes).
    Removing stm32f4xx_hal_pwr_ex.o(i.HAL_PWREx_DisableMainRegulatorLowVoltage), (12 bytes).
    Removing stm32f4xx_hal_pwr_ex.o(i.HAL_PWREx_EnableBkUpReg), (60 bytes).
    Removing stm32f4xx_hal_pwr_ex.o(i.HAL_PWREx_EnableFlashPowerDown), (12 bytes).
    Removing stm32f4xx_hal_pwr_ex.o(i.HAL_PWREx_EnableLowRegulatorLowVoltage), (12 bytes).
    Removing stm32f4xx_hal_pwr_ex.o(i.HAL_PWREx_EnableMainRegulatorLowVoltage), (12 bytes).
    Removing stm32f4xx_hal_pwr_ex.o(i.HAL_PWREx_GetVoltageRange), (16 bytes).
    Removing stm32f4xx_hal_rcc.o(.rev16_text), (4 bytes).
    Removing stm32f4xx_hal_rcc.o(.revsh_text), (4 bytes).
    Removing stm32f4xx_hal_rcc.o(.rrx_text), (6 bytes).
    Removing stm32f4xx_hal_rcc.o(i.HAL_RCC_CSSCallback), (2 bytes).
    Removing stm32f4xx_hal_rcc.o(i.HAL_RCC_ClockConfig), (388 bytes).
    Removing stm32f4xx_hal_rcc.o(i.HAL_RCC_DeInit), (4 bytes).
    Removing stm32f4xx_hal_rcc.o(i.HAL_RCC_DisableCSS), (12 bytes).
    Removing stm32f4xx_hal_rcc.o(i.HAL_RCC_EnableCSS), (12 bytes).
    Removing stm32f4xx_hal_rcc.o(i.HAL_RCC_GetClockConfig), (68 bytes).
    Removing stm32f4xx_hal_rcc.o(i.HAL_RCC_GetOscConfig), (244 bytes).
    Removing stm32f4xx_hal_rcc.o(i.HAL_RCC_GetPCLK2Freq), (32 bytes).
    Removing stm32f4xx_hal_rcc.o(i.HAL_RCC_GetSysClockFreq), (176 bytes).
    Removing stm32f4xx_hal_rcc.o(i.HAL_RCC_MCOConfig), (192 bytes).
    Removing stm32f4xx_hal_rcc.o(i.HAL_RCC_NMI_IRQHandler), (32 bytes).
    Removing stm32f4xx_hal_rcc.o(i.HAL_RCC_OscConfig), (1160 bytes).
    Removing stm32f4xx_hal_rcc_ex.o(.rev16_text), (4 bytes).
    Removing stm32f4xx_hal_rcc_ex.o(.revsh_text), (4 bytes).
    Removing stm32f4xx_hal_rcc_ex.o(.rrx_text), (6 bytes).
    Removing stm32f4xx_hal_rcc_ex.o(i.HAL_RCCEx_DisablePLLI2S), (56 bytes).
    Removing stm32f4xx_hal_rcc_ex.o(i.HAL_RCCEx_EnablePLLI2S), (112 bytes).
    Removing stm32f4xx_hal_rcc_ex.o(i.HAL_RCCEx_GetPeriphCLKConfig), (76 bytes).
    Removing stm32f4xx_hal_rcc_ex.o(i.HAL_RCCEx_GetPeriphCLKFreq), (144 bytes).
    Removing stm32f4xx_hal_rcc_ex.o(i.HAL_RCCEx_PeriphCLKConfig), (436 bytes).
    Removing stm32f4xx_hal_rcc_ex.o(i.HAL_RCC_DeInit), (384 bytes).
    Removing system_stm32f4xx.o(.rev16_text), (4 bytes).
    Removing system_stm32f4xx.o(.revsh_text), (4 bytes).
    Removing system_stm32f4xx.o(.rrx_text), (6 bytes).
    Removing system_stm32f4xx.o(i.SystemCoreClockUpdate), (192 bytes).

254 unused section(s) (total 27952 bytes) removed from the image.

==============================================================================

Image Symbol Table

    Local Symbols

    Symbol Name                              Value     Ov Type        Size  Object(Section)

    ../../../edgfe/lib_src/guard.c           0x00000000   Number         0  cxa_guard_release.o ABSOLUTE
    ../../../edgfe/lib_src/guard.c           0x00000000   Number         0  cxa_guard_acquire.o ABSOLUTE
    ../clib/angel/boardlib.s                 0x00000000   Number         0  boardinit3.o ABSOLUTE
    ../clib/angel/boardlib.s                 0x00000000   Number         0  boardshut.o ABSOLUTE
    ../clib/angel/boardlib.s                 0x00000000   Number         0  boardinit1.o ABSOLUTE
    ../clib/angel/boardlib.s                 0x00000000   Number         0  boardinit2.o ABSOLUTE
    ../clib/angel/handlers.s                 0x00000000   Number         0  __scatter_zi.o ABSOLUTE
    ../clib/angel/handlers.s                 0x00000000   Number         0  __scatter_copy.o ABSOLUTE
    ../clib/angel/kernel.s                   0x00000000   Number         0  __rtentry4.o ABSOLUTE
    ../clib/angel/kernel.s                   0x00000000   Number         0  rtexit2.o ABSOLUTE
    ../clib/angel/kernel.s                   0x00000000   Number         0  __rtentry2.o ABSOLUTE
    ../clib/angel/kernel.s                   0x00000000   Number         0  __rtentry.o ABSOLUTE
    ../clib/angel/kernel.s                   0x00000000   Number         0  rtexit.o ABSOLUTE
    ../clib/angel/rt.s                       0x00000000   Number         0  rt_raise.o ABSOLUTE
    ../clib/angel/rt.s                       0x00000000   Number         0  rt_div0.o ABSOLUTE
    ../clib/angel/rt.s                       0x00000000   Number         0  aeabi_ldiv0_sigfpe.o ABSOLUTE
    ../clib/angel/rt.s                       0x00000000   Number         0  aeabi_ldiv0.o ABSOLUTE
    ../clib/angel/scatter.s                  0x00000000   Number         0  __scatter.o ABSOLUTE
    ../clib/angel/startup.s                  0x00000000   Number         0  __main.o ABSOLUTE
    ../clib/angel/sys.s                      0x00000000   Number         0  use_no_semi.o ABSOLUTE
    ../clib/angel/sys.s                      0x00000000   Number         0  sys_stackheap_outer.o ABSOLUTE
    ../clib/angel/sys.s                      0x00000000   Number         0  libspace.o ABSOLUTE
    ../clib/angel/sys.s                      0x00000000   Number         0  indicate_semi.o ABSOLUTE
    ../clib/angel/sysapp.c                   0x00000000   Number         0  sys_command.o ABSOLUTE
    ../clib/angel/sysapp.c                   0x00000000   Number         0  sys_wrch.o ABSOLUTE
    ../clib/angel/sysapp.c                   0x00000000   Number         0  sys_exit.o ABSOLUTE
    ../clib/armsys.c                         0x00000000   Number         0  no_argv.o ABSOLUTE
    ../clib/armsys.c                         0x00000000   Number         0  _get_argv_nomalloc.o ABSOLUTE
    ../clib/armsys.c                         0x00000000   Number         0  argv_veneer.o ABSOLUTE
    ../clib/armsys.c                         0x00000000   Number         0  argv_veneer.o ABSOLUTE
    ../clib/heapalloc.c                      0x00000000   Number         0  hrguard.o ABSOLUTE
    ../clib/heapaux.c                        0x00000000   Number         0  heapauxi.o ABSOLUTE
    ../clib/libinit.s                        0x00000000   Number         0  libinit.o ABSOLUTE
    ../clib/libinit.s                        0x00000000   Number         0  libshutdown.o ABSOLUTE
    ../clib/libinit.s                        0x00000000   Number         0  libshutdown2.o ABSOLUTE
    ../clib/libinit.s                        0x00000000   Number         0  libinit2.o ABSOLUTE
    ../clib/longlong.s                       0x00000000   Number         0  lludivv7m.o ABSOLUTE
    ../clib/memcpset.s                       0x00000000   Number         0  rt_memclr_w.o ABSOLUTE
    ../clib/signal.c                         0x00000000   Number         0  defsig_rtmem_outer.o ABSOLUTE
    ../clib/signal.c                         0x00000000   Number         0  defsig_rtmem_inner.o ABSOLUTE
    ../clib/signal.c                         0x00000000   Number         0  defsig_rtred_inner.o ABSOLUTE
    ../clib/signal.c                         0x00000000   Number         0  defsig_abrt_inner.o ABSOLUTE
    ../clib/signal.c                         0x00000000   Number         0  __raise.o ABSOLUTE
    ../clib/signal.c                         0x00000000   Number         0  defsig_other.o ABSOLUTE
    ../clib/signal.c                         0x00000000   Number         0  defsig_general.o ABSOLUTE
    ../clib/signal.c                         0x00000000   Number         0  defsig_segv_inner.o ABSOLUTE
    ../clib/signal.c                         0x00000000   Number         0  defsig_fpe_outer.o ABSOLUTE
    ../clib/signal.c                         0x00000000   Number         0  defsig_pvfn_inner.o ABSOLUTE
    ../clib/signal.c                         0x00000000   Number         0  defsig_fpe_formal.o ABSOLUTE
    ../clib/signal.c                         0x00000000   Number         0  defsig_stak_inner.o ABSOLUTE
    ../clib/signal.c                         0x00000000   Number         0  defsig_cppl_inner.o ABSOLUTE
    ../clib/signal.c                         0x00000000   Number         0  defsig_rtmem_formal.o ABSOLUTE
    ../clib/signal.c                         0x00000000   Number         0  defsig_fpe_inner.o ABSOLUTE
    ../clib/signal.c                         0x00000000   Number         0  defsig_exit.o ABSOLUTE
    ../clib/signal.s                         0x00000000   Number         0  defsig.o ABSOLUTE
    ../clib/stdlib.c                         0x00000000   Number         0  exit.o ABSOLUTE
    ../fplib/fpinit.s                        0x00000000   Number         0  fpinit.o ABSOLUTE
    C:\Users\OLAOLUWA\AppData\Local\Arm\Packs\Keil\STM32F4xx_DFP\2.15.0\Drivers\STM32F4xx_HAL_Driver\Src\stm32f4xx_hal.c 0x00000000   Number         0  stm32f4xx_hal.o ABSOLUTE
    C:\Users\OLAOLUWA\AppData\Local\Arm\Packs\Keil\STM32F4xx_DFP\2.15.0\Drivers\STM32F4xx_HAL_Driver\Src\stm32f4xx_hal_cortex.c 0x00000000   Number         0  stm32f4xx_hal_cortex.o ABSOLUTE
    C:\Users\OLAOLUWA\AppData\Local\Arm\Packs\Keil\STM32F4xx_DFP\2.15.0\Drivers\STM32F4xx_HAL_Driver\Src\stm32f4xx_hal_dma.c 0x00000000   Number         0  stm32f4xx_hal_dma.o ABSOLUTE
    C:\Users\OLAOLUWA\AppData\Local\Arm\Packs\Keil\STM32F4xx_DFP\2.15.0\Drivers\STM32F4xx_HAL_Driver\Src\stm32f4xx_hal_dma_ex.c 0x00000000   Number         0  stm32f4xx_hal_dma_ex.o ABSOLUTE
    C:\Users\OLAOLUWA\AppData\Local\Arm\Packs\Keil\STM32F4xx_DFP\2.15.0\Drivers\STM32F4xx_HAL_Driver\Src\stm32f4xx_hal_gpio.c 0x00000000   Number         0  stm32f4xx_hal_gpio.o ABSOLUTE
    C:\Users\OLAOLUWA\AppData\Local\Arm\Packs\Keil\STM32F4xx_DFP\2.15.0\Drivers\STM32F4xx_HAL_Driver\Src\stm32f4xx_hal_i2c.c 0x00000000   Number         0  stm32f4xx_hal_i2c.o ABSOLUTE
    C:\Users\OLAOLUWA\AppData\Local\Arm\Packs\Keil\STM32F4xx_DFP\2.15.0\Drivers\STM32F4xx_HAL_Driver\Src\stm32f4xx_hal_i2c_ex.c 0x00000000   Number         0  stm32f4xx_hal_i2c_ex.o ABSOLUTE
    C:\Users\OLAOLUWA\AppData\Local\Arm\Packs\Keil\STM32F4xx_DFP\2.15.0\Drivers\STM32F4xx_HAL_Driver\Src\stm32f4xx_hal_pwr.c 0x00000000   Number         0  stm32f4xx_hal_pwr.o ABSOLUTE
    C:\Users\OLAOLUWA\AppData\Local\Arm\Packs\Keil\STM32F4xx_DFP\2.15.0\Drivers\STM32F4xx_HAL_Driver\Src\stm32f4xx_hal_pwr_ex.c 0x00000000   Number         0  stm32f4xx_hal_pwr_ex.o ABSOLUTE
    C:\Users\OLAOLUWA\AppData\Local\Arm\Packs\Keil\STM32F4xx_DFP\2.15.0\Drivers\STM32F4xx_HAL_Driver\Src\stm32f4xx_hal_rcc.c 0x00000000   Number         0  stm32f4xx_hal_rcc.o ABSOLUTE
    C:\Users\OLAOLUWA\AppData\Local\Arm\Packs\Keil\STM32F4xx_DFP\2.15.0\Drivers\STM32F4xx_HAL_Driver\Src\stm32f4xx_hal_rcc_ex.c 0x00000000   Number         0  stm32f4xx_hal_rcc_ex.o ABSOLUTE
    C:\\Users\\OLAOLUWA\\AppData\\Local\\Arm\\Packs\\Keil\\STM32F4xx_DFP\\2.15.0\\Drivers\\STM32F4xx_HAL_Driver\\Src\\stm32f4xx_hal.c 0x00000000   Number         0  stm32f4xx_hal.o ABSOLUTE
    C:\\Users\\OLAOLUWA\\AppData\\Local\\Arm\\Packs\\Keil\\STM32F4xx_DFP\\2.15.0\\Drivers\\STM32F4xx_HAL_Driver\\Src\\stm32f4xx_hal_cortex.c 0x00000000   Number         0  stm32f4xx_hal_cortex.o ABSOLUTE
    C:\\Users\\OLAOLUWA\\AppData\\Local\\Arm\\Packs\\Keil\\STM32F4xx_DFP\\2.15.0\\Drivers\\STM32F4xx_HAL_Driver\\Src\\stm32f4xx_hal_dma.c 0x00000000   Number         0  stm32f4xx_hal_dma.o ABSOLUTE
    C:\\Users\\OLAOLUWA\\AppData\\Local\\Arm\\Packs\\Keil\\STM32F4xx_DFP\\2.15.0\\Drivers\\STM32F4xx_HAL_Driver\\Src\\stm32f4xx_hal_dma_ex.c 0x00000000   Number         0  stm32f4xx_hal_dma_ex.o ABSOLUTE
    C:\\Users\\OLAOLUWA\\AppData\\Local\\Arm\\Packs\\Keil\\STM32F4xx_DFP\\2.15.0\\Drivers\\STM32F4xx_HAL_Driver\\Src\\stm32f4xx_hal_gpio.c 0x00000000   Number         0  stm32f4xx_hal_gpio.o ABSOLUTE
    C:\\Users\\OLAOLUWA\\AppData\\Local\\Arm\\Packs\\Keil\\STM32F4xx_DFP\\2.15.0\\Drivers\\STM32F4xx_HAL_Driver\\Src\\stm32f4xx_hal_i2c.c 0x00000000   Number         0  stm32f4xx_hal_i2c.o ABSOLUTE
    C:\\Users\\OLAOLUWA\\AppData\\Local\\Arm\\Packs\\Keil\\STM32F4xx_DFP\\2.15.0\\Drivers\\STM32F4xx_HAL_Driver\\Src\\stm32f4xx_hal_i2c_ex.c 0x00000000   Number         0  stm32f4xx_hal_i2c_ex.o ABSOLUTE
    C:\\Users\\OLAOLUWA\\AppData\\Local\\Arm\\Packs\\Keil\\STM32F4xx_DFP\\2.15.0\\Drivers\\STM32F4xx_HAL_Driver\\Src\\stm32f4xx_hal_pwr.c 0x00000000   Number         0  stm32f4xx_hal_pwr.o ABSOLUTE
    C:\\Users\\OLAOLUWA\\AppData\\Local\\Arm\\Packs\\Keil\\STM32F4xx_DFP\\2.15.0\\Drivers\\STM32F4xx_HAL_Driver\\Src\\stm32f4xx_hal_pwr_ex.c 0x00000000   Number         0  stm32f4xx_hal_pwr_ex.o ABSOLUTE
    C:\\Users\\OLAOLUWA\\AppData\\Local\\Arm\\Packs\\Keil\\STM32F4xx_DFP\\2.15.0\\Drivers\\STM32F4xx_HAL_Driver\\Src\\stm32f4xx_hal_rcc.c 0x00000000   Number         0  stm32f4xx_hal_rcc.o ABSOLUTE
    C:\\Users\\OLAOLUWA\\AppData\\Local\\Arm\\Packs\\Keil\\STM32F4xx_DFP\\2.15.0\\Drivers\\STM32F4xx_HAL_Driver\\Src\\stm32f4xx_hal_rcc_ex.c 0x00000000   Number         0  stm32f4xx_hal_rcc_ex.o ABSOLUTE
    RTE\Device\STM32F401RETx\startup_stm32f401xe.s 0x00000000   Number         0  startup_stm32f401xe.o ABSOLUTE
    RTE\Device\STM32F401RETx\system_stm32f4xx.c 0x00000000   Number         0  system_stm32f4xx.o ABSOLUTE
    RTE\\Device\\STM32F401RETx\\system_stm32f4xx.c 0x00000000   Number         0  system_stm32f4xx.o ABSOLUTE
    bme280.cpp                               0x00000000   Number         0  bme280.o ABSOLUTE
    bme280.cpp                               0x00000000   Number         0  bme280.o ABSOLUTE
    dc.s                                     0x00000000   Number         0  dc.o ABSOLUTE
    ds3231.cpp                               0x00000000   Number         0  ds3231.o ABSOLUTE
    ds3231.cpp                               0x00000000   Number         0  ds3231.o ABSOLUTE
    lcd.cpp                                  0x00000000   Number         0  lcd.o ABSOLUTE
    lcd.cpp                                  0x00000000   Number         0  lcd.o ABSOLUTE
    main.cpp                                 0x00000000   Number         0  main.o ABSOLUTE
    main.cpp                                 0x00000000   Number         0  main.o ABSOLUTE
    RESET                                    0x08000000   Section      404  startup_stm32f401xe.o(RESET)
    !!!main                                  0x08000194   Section        8  __main.o(!!!main)
    !!!scatter                               0x0800019c   Section       52  __scatter.o(!!!scatter)
    !!handler_copy                           0x080001d0   Section       26  __scatter_copy.o(!!handler_copy)
    !!handler_zi                             0x080001ec   Section       28  __scatter_zi.o(!!handler_zi)
    .ARM.Collect$$libinit$$00000000          0x08000208   Section        2  libinit.o(.ARM.Collect$$libinit$$00000000)
    .ARM.Collect$$libinit$$00000001          0x0800020a   Section        4  libinit2.o(.ARM.Collect$$libinit$$00000001)
    .ARM.Collect$$libinit$$00000004          0x0800020e   Section        0  libinit2.o(.ARM.Collect$$libinit$$00000004)
    .ARM.Collect$$libinit$$0000000A          0x0800020e   Section        0  libinit2.o(.ARM.Collect$$libinit$$0000000A)
    .ARM.Collect$$libinit$$0000000C          0x0800020e   Section        0  libinit2.o(.ARM.Collect$$libinit$$0000000C)
    .ARM.Collect$$libinit$$0000000E          0x0800020e   Section        0  libinit2.o(.ARM.Collect$$libinit$$0000000E)
    .ARM.Collect$$libinit$$00000011          0x0800020e   Section        0  libinit2.o(.ARM.Collect$$libinit$$00000011)
    .ARM.Collect$$libinit$$00000013          0x0800020e   Section        0  libinit2.o(.ARM.Collect$$libinit$$00000013)
    .ARM.Collect$$libinit$$00000015          0x0800020e   Section        0  libinit2.o(.ARM.Collect$$libinit$$00000015)
    .ARM.Collect$$libinit$$00000017          0x0800020e   Section        0  libinit2.o(.ARM.Collect$$libinit$$00000017)
    .ARM.Collect$$libinit$$00000019          0x0800020e   Section        0  libinit2.o(.ARM.Collect$$libinit$$00000019)
    .ARM.Collect$$libinit$$0000001B          0x0800020e   Section        0  libinit2.o(.ARM.Collect$$libinit$$0000001B)
    .ARM.Collect$$libinit$$0000001D          0x0800020e   Section        0  libinit2.o(.ARM.Collect$$libinit$$0000001D)
    .ARM.Collect$$libinit$$0000001F          0x0800020e   Section        0  libinit2.o(.ARM.Collect$$libinit$$0000001F)
    .ARM.Collect$$libinit$$00000021          0x0800020e   Section        0  libinit2.o(.ARM.Collect$$libinit$$00000021)
    .ARM.Collect$$libinit$$00000023          0x0800020e   Section        0  libinit2.o(.ARM.Collect$$libinit$$00000023)
    .ARM.Collect$$libinit$$00000025          0x0800020e   Section        0  libinit2.o(.ARM.Collect$$libinit$$00000025)
    .ARM.Collect$$libinit$$0000002C          0x0800020e   Section        0  libinit2.o(.ARM.Collect$$libinit$$0000002C)
    .ARM.Collect$$libinit$$0000002E          0x0800020e   Section        0  libinit2.o(.ARM.Collect$$libinit$$0000002E)
    .ARM.Collect$$libinit$$00000030          0x0800020e   Section        0  libinit2.o(.ARM.Collect$$libinit$$00000030)
    .ARM.Collect$$libinit$$00000032          0x0800020e   Section        0  libinit2.o(.ARM.Collect$$libinit$$00000032)
    .ARM.Collect$$libinit$$00000033          0x0800020e   Section        2  libinit2.o(.ARM.Collect$$libinit$$00000033)
    .ARM.Collect$$libshutdown$$00000000      0x08000210   Section        2  libshutdown.o(.ARM.Collect$$libshutdown$$00000000)
    .ARM.Collect$$libshutdown$$00000002      0x08000212   Section        0  libshutdown2.o(.ARM.Collect$$libshutdown$$00000002)
    .ARM.Collect$$libshutdown$$00000004      0x08000212   Section        0  libshutdown2.o(.ARM.Collect$$libshutdown$$00000004)
    .ARM.Collect$$libshutdown$$00000006      0x08000212   Section        0  libshutdown2.o(.ARM.Collect$$libshutdown$$00000006)
    .ARM.Collect$$libshutdown$$00000009      0x08000212   Section        0  libshutdown2.o(.ARM.Collect$$libshutdown$$00000009)
    .ARM.Collect$$libshutdown$$0000000C      0x08000212   Section        0  libshutdown2.o(.ARM.Collect$$libshutdown$$0000000C)
    .ARM.Collect$$libshutdown$$0000000E      0x08000212   Section        0  libshutdown2.o(.ARM.Collect$$libshutdown$$0000000E)
    .ARM.Collect$$libshutdown$$00000011      0x08000212   Section        0  libshutdown2.o(.ARM.Collect$$libshutdown$$00000011)
    .ARM.Collect$$libshutdown$$00000012      0x08000212   Section        2  libshutdown2.o(.ARM.Collect$$libshutdown$$00000012)
    .ARM.Collect$$rtentry$$00000000          0x08000214   Section        0  __rtentry.o(.ARM.Collect$$rtentry$$00000000)
    .ARM.Collect$$rtentry$$00000002          0x08000214   Section        0  __rtentry2.o(.ARM.Collect$$rtentry$$00000002)
    .ARM.Collect$$rtentry$$00000004          0x08000214   Section        6  __rtentry4.o(.ARM.Collect$$rtentry$$00000004)
    .ARM.Collect$$rtentry$$00000009          0x0800021a   Section        0  __rtentry2.o(.ARM.Collect$$rtentry$$00000009)
    .ARM.Collect$$rtentry$$0000000A          0x0800021a   Section        4  __rtentry2.o(.ARM.Collect$$rtentry$$0000000A)
    .ARM.Collect$$rtentry$$0000000C          0x0800021e   Section        0  __rtentry2.o(.ARM.Collect$$rtentry$$0000000C)
    .ARM.Collect$$rtentry$$0000000D          0x0800021e   Section        8  __rtentry2.o(.ARM.Collect$$rtentry$$0000000D)
    .ARM.Collect$$rtexit$$00000000           0x08000226   Section        2  rtexit.o(.ARM.Collect$$rtexit$$00000000)
    .ARM.Collect$$rtexit$$00000002           0x08000228   Section        0  rtexit2.o(.ARM.Collect$$rtexit$$00000002)
    .ARM.Collect$$rtexit$$00000003           0x08000228   Section        4  rtexit2.o(.ARM.Collect$$rtexit$$00000003)
    .ARM.Collect$$rtexit$$00000004           0x0800022c   Section        6  rtexit2.o(.ARM.Collect$$rtexit$$00000004)
    .text                                    0x08000234   Section       64  startup_stm32f401xe.o(.text)
    $v0                                      0x08000234   Number         0  startup_stm32f401xe.o(.text)
    .text                                    0x08000274   Section       78  rt_memclr_w.o(.text)
    .text                                    0x080002c2   Section        0  heapauxi.o(.text)
    .text                                    0x080002c8   Section       74  sys_stackheap_outer.o(.text)
    .text                                    0x08000312   Section        0  exit.o(.text)
    .text                                    0x08000324   Section        8  libspace.o(.text)
    .text                                    0x0800032c   Section        0  sys_exit.o(.text)
    .text                                    0x08000338   Section        2  use_no_semi.o(.text)
    .text                                    0x0800033a   Section        0  indicate_semi.o(.text)
    i.HAL_Delay                              0x0800033c   Section        0  stm32f4xx_hal.o(i.HAL_Delay)
    i.HAL_GPIO_Init                          0x08000364   Section        0  stm32f4xx_hal_gpio.o(i.HAL_GPIO_Init)
    i.HAL_GPIO_WritePin                      0x08000538   Section        0  stm32f4xx_hal_gpio.o(i.HAL_GPIO_WritePin)
    i.HAL_GetTick                            0x08000544   Section        0  stm32f4xx_hal.o(i.HAL_GetTick)
    i.HAL_I2C_Init                           0x08000550   Section        0  stm32f4xx_hal_i2c.o(i.HAL_I2C_Init)
    i.HAL_I2C_Mem_Read                       0x08000720   Section        0  stm32f4xx_hal_i2c.o(i.HAL_I2C_Mem_Read)
    i.HAL_I2C_Mem_Write                      0x08000a14   Section        0  stm32f4xx_hal_i2c.o(i.HAL_I2C_Mem_Write)
    i.HAL_I2C_MspInit                        0x08000b78   Section        0  stm32f4xx_hal_i2c.o(i.HAL_I2C_MspInit)
    i.HAL_IncTick                            0x08000b7c   Section        0  stm32f4xx_hal.o(i.HAL_IncTick)
    i.HAL_Init                               0x08000b94   Section        0  stm32f4xx_hal.o(i.HAL_Init)
    i.HAL_InitTick                           0x08000bc4   Section        0  stm32f4xx_hal.o(i.HAL_InitTick)
    i.HAL_MspInit                            0x08000c10   Section        0  stm32f4xx_hal.o(i.HAL_MspInit)
    i.HAL_NVIC_SetPriority                   0x08000c12   Section        0  stm32f4xx_hal_cortex.o(i.HAL_NVIC_SetPriority)
    i.HAL_NVIC_SetPriorityGrouping           0x08000c90   Section        0  stm32f4xx_hal_cortex.o(i.HAL_NVIC_SetPriorityGrouping)
    i.HAL_RCC_GetHCLKFreq                    0x08000cb8   Section        0  stm32f4xx_hal_rcc.o(i.HAL_RCC_GetHCLKFreq)
    i.HAL_RCC_GetPCLK1Freq                   0x08000cc4   Section        0  stm32f4xx_hal_rcc.o(i.HAL_RCC_GetPCLK1Freq)
    i.HAL_SYSTICK_Config                     0x08000ce4   Section        0  stm32f4xx_hal_cortex.o(i.HAL_SYSTICK_Config)
    i.I2C_IsAcknowledgeFailed                0x08000d18   Section        0  stm32f4xx_hal_i2c.o(i.I2C_IsAcknowledgeFailed)
    I2C_IsAcknowledgeFailed                  0x08000d19   Thumb Code    62  stm32f4xx_hal_i2c.o(i.I2C_IsAcknowledgeFailed)
    i.I2C_RequestMemoryRead                  0x08000d58   Section        0  stm32f4xx_hal_i2c.o(i.I2C_RequestMemoryRead)
    I2C_RequestMemoryRead                    0x08000d59   Thumb Code   348  stm32f4xx_hal_i2c.o(i.I2C_RequestMemoryRead)
    i.I2C_RequestMemoryWrite                 0x08000eb8   Section        0  stm32f4xx_hal_i2c.o(i.I2C_RequestMemoryWrite)
    I2C_RequestMemoryWrite                   0x08000eb9   Thumb Code   220  stm32f4xx_hal_i2c.o(i.I2C_RequestMemoryWrite)
    i.I2C_WaitOnBTFFlagUntilTimeout          0x08000f98   Section        0  stm32f4xx_hal_i2c.o(i.I2C_WaitOnBTFFlagUntilTimeout)
    I2C_WaitOnBTFFlagUntilTimeout            0x08000f99   Thumb Code    92  stm32f4xx_hal_i2c.o(i.I2C_WaitOnBTFFlagUntilTimeout)
    i.I2C_WaitOnFlagUntilTimeout             0x08000ff4   Section        0  stm32f4xx_hal_i2c.o(i.I2C_WaitOnFlagUntilTimeout)
    I2C_WaitOnFlagUntilTimeout               0x08000ff5   Thumb Code   134  stm32f4xx_hal_i2c.o(i.I2C_WaitOnFlagUntilTimeout)
    i.I2C_WaitOnMasterAddressFlagUntilTimeout 0x0800107a   Section        0  stm32f4xx_hal_i2c.o(i.I2C_WaitOnMasterAddressFlagUntilTimeout)
    I2C_WaitOnMasterAddressFlagUntilTimeout  0x0800107b   Thumb Code   196  stm32f4xx_hal_i2c.o(i.I2C_WaitOnMasterAddressFlagUntilTimeout)
    i.I2C_WaitOnRXNEFlagUntilTimeout         0x0800113e   Section        0  stm32f4xx_hal_i2c.o(i.I2C_WaitOnRXNEFlagUntilTimeout)
    I2C_WaitOnRXNEFlagUntilTimeout           0x0800113f   Thumb Code   128  stm32f4xx_hal_i2c.o(i.I2C_WaitOnRXNEFlagUntilTimeout)
    i.I2C_WaitOnTXEFlagUntilTimeout          0x080011be   Section        0  stm32f4xx_hal_i2c.o(i.I2C_WaitOnTXEFlagUntilTimeout)
    I2C_WaitOnTXEFlagUntilTimeout            0x080011bf   Thumb Code    92  stm32f4xx_hal_i2c.o(i.I2C_WaitOnTXEFlagUntilTimeout)
    i.SysTick_Handler                        0x0800121a   Section        0  main.o(i.SysTick_Handler)
    i.SystemInit                             0x08001224   Section        0  system_stm32f4xx.o(i.SystemInit)
    i._Z10BCD_To_Hexh                        0x08001240   Section        0  ds3231.o(i._Z10BCD_To_Hexh)
    BCD_To_Hex(unsigned char)                0x08001241   Thumb Code    20  ds3231.o(i._Z10BCD_To_Hexh)
    i._Z10Hex_To_BCDh                        0x08001254   Section        0  ds3231.o(i._Z10Hex_To_BCDh)
    Hex_To_BCD(unsigned char)                0x08001255   Thumb Code    28  ds3231.o(i._Z10Hex_To_BCDh)
    i._Z15IntegerToStringjPc                 0x08001270   Section        0  lcd.o(i._Z15IntegerToStringjPc)
    IntegerToString(unsigned, char*)         0x08001271   Thumb Code    68  lcd.o(i._Z15IntegerToStringjPc)
    i._Z34BME280_StoreCompensationParametersPhS_P17bme280CompParam_t 0x080012b4   Section        0  bme280.o(i._Z34BME280_StoreCompensationParametersPhS_P17bme280CompParam_t)
    BME280_StoreCompensationParameters(unsigned char*, unsigned char*, bme280CompParam_t*) 0x080012b5   Thumb Code    86  bme280.o(i._Z34BME280_StoreCompensationParametersPhS_P17bme280CompParam_t)
    i._ZN3LCD10WriteBytesEPKc                0x0800130a   Section        0  lcd.o(i._ZN3LCD10WriteBytesEPKc)
    i._ZN3LCD11WriteNibbleEch                0x08001328   Section        0  lcd.o(i._ZN3LCD11WriteNibbleEch)
    i._ZN3LCD12WriteIntegerEj                0x080013b8   Section        0  lcd.o(i._ZN3LCD12WriteIntegerEj)
    i._ZN3LCD5PrintEPKc                      0x080013e8   Section        0  lcd.o(i._ZN3LCD5PrintEPKc)
    i._ZN3LCD5PrintERh                       0x080013f8   Section        0  lcd.o(i._ZN3LCD5PrintERh)
    i._ZN3LCD5PrintEc                        0x08001408   Section        0  lcd.o(i._ZN3LCD5PrintEc)
    i._ZN3LCD9SetCursorEhh                   0x0800141c   Section        0  lcd.o(i._ZN3LCD9SetCursorEhh)
    i._ZN3LCD9WriteByteE13GPIO_PinStatec     0x08001450   Section        0  lcd.o(i._ZN3LCD9WriteByteE13GPIO_PinStatec)
    i._ZN3LCDC1ER11pinStruct_tS1_S1_S1_S1_S1_ 0x08001478   Section        0  lcd.o(i._ZN3LCDC1ER11pinStruct_tS1_S1_S1_S1_S1_)
    i._ZN6BME2807GetDataEv                   0x0800158c   Section        0  bme280.o(i._ZN6BME2807GetDataEv)
    i._ZN6BME280C1EP11I2C_TypeDefR11pinStruct_tS3_ 0x08001700   Section        0  bme280.o(i._ZN6BME280C1EP11I2C_TypeDefR11pinStruct_tS3_)
    i._ZN6DS32317GetTimeEv                   0x080017b0   Section        0  ds3231.o(i._ZN6DS32317GetTimeEv)
    i._ZN6DS32317SetTimeEhh                  0x0800182c   Section        0  ds3231.o(i._ZN6DS32317SetTimeEhh)
    i._ZN6DS32319SetFormatEh                 0x08001894   Section        0  ds3231.o(i._ZN6DS32319SetFormatEh)
    i._ZN6DS3231C1EP11I2C_TypeDefR11pinStruct_tS3_ 0x08001908   Section        0  ds3231.o(i._ZN6DS3231C1EP11I2C_TypeDefR11pinStruct_tS3_)
    i.__NVIC_GetPriorityGrouping             0x08001970   Section        0  stm32f4xx_hal_cortex.o(i.__NVIC_GetPriorityGrouping)
    __NVIC_GetPriorityGrouping               0x08001971   Thumb Code    10  stm32f4xx_hal_cortex.o(i.__NVIC_GetPriorityGrouping)
    i.__NVIC_SetPriority                     0x08001980   Section        0  stm32f4xx_hal_cortex.o(i.__NVIC_SetPriority)
    __NVIC_SetPriority                       0x08001981   Thumb Code    32  stm32f4xx_hal_cortex.o(i.__NVIC_SetPriority)
    i.__cxa_guard_acquire                    0x080019a8   Section        0  cxa_guard_acquire.o(i.__cxa_guard_acquire)
    i.main                                   0x080019b8   Section        0  main.o(i.main)
    x$fpl$fpinit                             0x08001c48   Section       10  fpinit.o(x$fpl$fpinit)
    $v0                                      0x08001c48   Number         0  fpinit.o(x$fpl$fpinit)
    .constdata                               0x08001c54   Section       64  main.o(.constdata)
    .constdata                               0x08001c94   Section       82  lcd.o(.constdata)
    ddramAddr                                0x08001c94   Data          80  lcd.o(.constdata)
    .constdata                               0x08001ce6   Section       24  system_stm32f4xx.o(.constdata)
    .data                                    0x20000000   Section       18  main.o(.data)
    _ZGVlcd                                  0x20000000   Data           4  main.o(.data)
    _ZGVbme280                               0x20000004   Data           4  main.o(.data)
    _ZGVds3231                               0x20000008   Data           4  main.o(.data)
    time                                     0x2000000c   Data           4  main.o(.data)
    bme280Data                               0x20000010   Data           2  main.o(.data)
    .data                                    0x20000014   Section       12  bme280.o(.data)
    rawAdcValue                              0x20000014   Data           8  bme280.o(.data)
    t_fine                                   0x2000001c   Data           4  bme280.o(.data)
    .data                                    0x20000020   Section        9  stm32f4xx_hal.o(.data)
    .data                                    0x2000002c   Section        4  system_stm32f4xx.o(.data)
    .bss                                     0x20000030   Section      216  main.o(.bss)
    ds3231                                   0x20000030   Data          84  main.o(.bss)
    bme280                                   0x20000084   Data          84  main.o(.bss)
    lcd                                      0x200000d8   Data          48  main.o(.bss)
    .bss                                     0x20000108   Section       60  bme280.o(.bss)
    bme280                                   0x20000108   Data          18  bme280.o(.bss)
    bme280Calib00_25                         0x2000011a   Data          26  bme280.o(.bss)
    bme280Calib26_41                         0x20000134   Data          16  bme280.o(.bss)
    .bss                                     0x20000144   Section       96  libspace.o(.bss)
    HEAP                                     0x200001a8   Section      512  startup_stm32f401xe.o(HEAP)
    Heap_Mem                                 0x200001a8   Data         512  startup_stm32f401xe.o(HEAP)
    STACK                                    0x200003a8   Section     1024  startup_stm32f401xe.o(STACK)
    Stack_Mem                                0x200003a8   Data        1024  startup_stm32f401xe.o(STACK)
    __initial_sp                             0x200007a8   Data           0  startup_stm32f401xe.o(STACK)

    Global Symbols

    Symbol Name                              Value     Ov Type        Size  Object(Section)

    BuildAttributes$$THM_ISAv4$E$P$D$K$B$S$7EM$VFPi3$EXTD16$VFPS$VFMA$PE$A:L22UL41UL21$X:L11$S22US41US21$IEEE1$IW$USESV6$~STKCKD$USESV7$~SHL$OSPACE$ROPI$EBA8$UX$STANDARDLIB$REQ8$PRES8$EABIv2 0x00000000   Number         0  anon$$obj.o ABSOLUTE
    __ARM_use_no_argv                        0x00000000   Number         0  main.o ABSOLUTE
    __ARM_exceptions_init                     - Undefined Weak Reference
    __alloca_initialize                       - Undefined Weak Reference
    __arm_fini_                               - Undefined Weak Reference
    __arm_preinit_                            - Undefined Weak Reference
    __cpp_initialize__aeabi_                  - Undefined Weak Reference
    __cxa_finalize                            - Undefined Weak Reference
    __rt_locale                               - Undefined Weak Reference
    __sigvec_lookup                           - Undefined Weak Reference
    _atexit_init                              - Undefined Weak Reference
    _call_atexit_fns                          - Undefined Weak Reference
    _clock_init                               - Undefined Weak Reference
    _fp_trap_init                             - Undefined Weak Reference
    _fp_trap_shutdown                         - Undefined Weak Reference
    _get_lc_collate                           - Undefined Weak Reference
    _get_lc_ctype                             - Undefined Weak Reference
    _get_lc_monetary                          - Undefined Weak Reference
    _get_lc_numeric                           - Undefined Weak Reference
    _get_lc_time                              - Undefined Weak Reference
    _getenv_init                              - Undefined Weak Reference
    _handle_redirection                       - Undefined Weak Reference
    _init_alloc                               - Undefined Weak Reference
    _init_user_alloc                          - Undefined Weak Reference
    _initio                                   - Undefined Weak Reference
    _rand_init                                - Undefined Weak Reference
    _signal_finish                            - Undefined Weak Reference
    _signal_init                              - Undefined Weak Reference
    _terminate_alloc                          - Undefined Weak Reference
    _terminate_user_alloc                     - Undefined Weak Reference
    _terminateio                              - Undefined Weak Reference
    __Vectors_Size                           0x00000194   Number         0  startup_stm32f401xe.o ABSOLUTE
    __Vectors                                0x08000000   Data           4  startup_stm32f401xe.o(RESET)
    __Vectors_End                            0x08000194   Data           0  startup_stm32f401xe.o(RESET)
    __main                                   0x08000195   Thumb Code     8  __main.o(!!!main)
    __scatterload                            0x0800019d   Thumb Code     0  __scatter.o(!!!scatter)
    __scatterload_rt2                        0x0800019d   Thumb Code    44  __scatter.o(!!!scatter)
    __scatterload_rt2_thumb_only             0x0800019d   Thumb Code     0  __scatter.o(!!!scatter)
    __scatterload_null                       0x080001ab   Thumb Code     0  __scatter.o(!!!scatter)
    __scatterload_copy                       0x080001d1   Thumb Code    26  __scatter_copy.o(!!handler_copy)
    __scatterload_zeroinit                   0x080001ed   Thumb Code    28  __scatter_zi.o(!!handler_zi)
    __rt_lib_init                            0x08000209   Thumb Code     0  libinit.o(.ARM.Collect$$libinit$$00000000)
    __rt_lib_init_fp_1                       0x0800020b   Thumb Code     0  libinit2.o(.ARM.Collect$$libinit$$00000001)
    __rt_lib_init_alloca_1                   0x0800020f   Thumb Code     0  libinit2.o(.ARM.Collect$$libinit$$0000002E)
    __rt_lib_init_argv_1                     0x0800020f   Thumb Code     0  libinit2.o(.ARM.Collect$$libinit$$0000002C)
    __rt_lib_init_atexit_1                   0x0800020f   Thumb Code     0  libinit2.o(.ARM.Collect$$libinit$$0000001B)
    __rt_lib_init_clock_1                    0x0800020f   Thumb Code     0  libinit2.o(.ARM.Collect$$libinit$$00000021)
    __rt_lib_init_cpp_1                      0x0800020f   Thumb Code     0  libinit2.o(.ARM.Collect$$libinit$$00000032)
    __rt_lib_init_exceptions_1               0x0800020f   Thumb Code     0  libinit2.o(.ARM.Collect$$libinit$$00000030)
    __rt_lib_init_fp_trap_1                  0x0800020f   Thumb Code     0  libinit2.o(.ARM.Collect$$libinit$$0000001F)
    __rt_lib_init_getenv_1                   0x0800020f   Thumb Code     0  libinit2.o(.ARM.Collect$$libinit$$00000023)
    __rt_lib_init_heap_1                     0x0800020f   Thumb Code     0  libinit2.o(.ARM.Collect$$libinit$$0000000A)
    __rt_lib_init_lc_collate_1               0x0800020f   Thumb Code     0  libinit2.o(.ARM.Collect$$libinit$$00000011)
    __rt_lib_init_lc_ctype_1                 0x0800020f   Thumb Code     0  libinit2.o(.ARM.Collect$$libinit$$00000013)
    __rt_lib_init_lc_monetary_1              0x0800020f   Thumb Code     0  libinit2.o(.ARM.Collect$$libinit$$00000015)
    __rt_lib_init_lc_numeric_1               0x0800020f   Thumb Code     0  libinit2.o(.ARM.Collect$$libinit$$00000017)
    __rt_lib_init_lc_time_1                  0x0800020f   Thumb Code     0  libinit2.o(.ARM.Collect$$libinit$$00000019)
    __rt_lib_init_preinit_1                  0x0800020f   Thumb Code     0  libinit2.o(.ARM.Collect$$libinit$$00000004)
    __rt_lib_init_rand_1                     0x0800020f   Thumb Code     0  libinit2.o(.ARM.Collect$$libinit$$0000000E)
    __rt_lib_init_return                     0x0800020f   Thumb Code     0  libinit2.o(.ARM.Collect$$libinit$$00000033)
    __rt_lib_init_signal_1                   0x0800020f   Thumb Code     0  libinit2.o(.ARM.Collect$$libinit$$0000001D)
    __rt_lib_init_stdio_1                    0x0800020f   Thumb Code     0  libinit2.o(.ARM.Collect$$libinit$$00000025)
    __rt_lib_init_user_alloc_1               0x0800020f   Thumb Code     0  libinit2.o(.ARM.Collect$$libinit$$0000000C)
    __rt_lib_shutdown                        0x08000211   Thumb Code     0  libshutdown.o(.ARM.Collect$$libshutdown$$00000000)
    __rt_lib_shutdown_cpp_1                  0x08000213   Thumb Code     0  libshutdown2.o(.ARM.Collect$$libshutdown$$00000004)
    __rt_lib_shutdown_fini_1                 0x08000213   Thumb Code     0  libshutdown2.o(.ARM.Collect$$libshutdown$$00000002)
    __rt_lib_shutdown_fp_trap_1              0x08000213   Thumb Code     0  libshutdown2.o(.ARM.Collect$$libshutdown$$00000009)
    __rt_lib_shutdown_heap_1                 0x08000213   Thumb Code     0  libshutdown2.o(.ARM.Collect$$libshutdown$$00000011)
    __rt_lib_shutdown_return                 0x08000213   Thumb Code     0  libshutdown2.o(.ARM.Collect$$libshutdown$$00000012)
    __rt_lib_shutdown_signal_1               0x08000213   Thumb Code     0  libshutdown2.o(.ARM.Collect$$libshutdown$$0000000C)
    __rt_lib_shutdown_stdio_1                0x08000213   Thumb Code     0  libshutdown2.o(.ARM.Collect$$libshutdown$$00000006)
    __rt_lib_shutdown_user_alloc_1           0x08000213   Thumb Code     0  libshutdown2.o(.ARM.Collect$$libshutdown$$0000000E)
    __rt_entry                               0x08000215   Thumb Code     0  __rtentry.o(.ARM.Collect$$rtentry$$00000000)
    __rt_entry_presh_1                       0x08000215   Thumb Code     0  __rtentry2.o(.ARM.Collect$$rtentry$$00000002)
    __rt_entry_sh                            0x08000215   Thumb Code     0  __rtentry4.o(.ARM.Collect$$rtentry$$00000004)
    __rt_entry_li                            0x0800021b   Thumb Code     0  __rtentry2.o(.ARM.Collect$$rtentry$$0000000A)
    __rt_entry_postsh_1                      0x0800021b   Thumb Code     0  __rtentry2.o(.ARM.Collect$$rtentry$$00000009)
    __rt_entry_main                          0x0800021f   Thumb Code     0  __rtentry2.o(.ARM.Collect$$rtentry$$0000000D)
    __rt_entry_postli_1                      0x0800021f   Thumb Code     0  __rtentry2.o(.ARM.Collect$$rtentry$$0000000C)
    __rt_exit                                0x08000227   Thumb Code     0  rtexit.o(.ARM.Collect$$rtexit$$00000000)
    __rt_exit_ls                             0x08000229   Thumb Code     0  rtexit2.o(.ARM.Collect$$rtexit$$00000003)
    __rt_exit_prels_1                        0x08000229   Thumb Code     0  rtexit2.o(.ARM.Collect$$rtexit$$00000002)
    __rt_exit_exit                           0x0800022d   Thumb Code     0  rtexit2.o(.ARM.Collect$$rtexit$$00000004)
    Reset_Handler                            0x08000235   Thumb Code     8  startup_stm32f401xe.o(.text)
    NMI_Handler                              0x0800023d   Thumb Code     2  startup_stm32f401xe.o(.text)
    HardFault_Handler                        0x0800023f   Thumb Code     2  startup_stm32f401xe.o(.text)
    MemManage_Handler                        0x08000241   Thumb Code     2  startup_stm32f401xe.o(.text)
    BusFault_Handler                         0x08000243   Thumb Code     2  startup_stm32f401xe.o(.text)
    UsageFault_Handler                       0x08000245   Thumb Code     2  startup_stm32f401xe.o(.text)
    SVC_Handler                              0x08000247   Thumb Code     2  startup_stm32f401xe.o(.text)
    DebugMon_Handler                         0x08000249   Thumb Code     2  startup_stm32f401xe.o(.text)
    PendSV_Handler                           0x0800024b   Thumb Code     2  startup_stm32f401xe.o(.text)
    ADC_IRQHandler                           0x0800024f   Thumb Code     0  startup_stm32f401xe.o(.text)
    DMA1_Stream0_IRQHandler                  0x0800024f   Thumb Code     0  startup_stm32f401xe.o(.text)
    DMA1_Stream1_IRQHandler                  0x0800024f   Thumb Code     0  startup_stm32f401xe.o(.text)
    DMA1_Stream2_IRQHandler                  0x0800024f   Thumb Code     0  startup_stm32f401xe.o(.text)
    DMA1_Stream3_IRQHandler                  0x0800024f   Thumb Code     0  startup_stm32f401xe.o(.text)
    DMA1_Stream4_IRQHandler                  0x0800024f   Thumb Code     0  startup_stm32f401xe.o(.text)
    DMA1_Stream5_IRQHandler                  0x0800024f   Thumb Code     0  startup_stm32f401xe.o(.text)
    DMA1_Stream6_IRQHandler                  0x0800024f   Thumb Code     0  startup_stm32f401xe.o(.text)
    DMA1_Stream7_IRQHandler                  0x0800024f   Thumb Code     0  startup_stm32f401xe.o(.text)
    DMA2_Stream0_IRQHandler                  0x0800024f   Thumb Code     0  startup_stm32f401xe.o(.text)
    DMA2_Stream1_IRQHandler                  0x0800024f   Thumb Code     0  startup_stm32f401xe.o(.text)
    DMA2_Stream2_IRQHandler                  0x0800024f   Thumb Code     0  startup_stm32f401xe.o(.text)
    DMA2_Stream3_IRQHandler                  0x0800024f   Thumb Code     0  startup_stm32f401xe.o(.text)
    DMA2_Stream4_IRQHandler                  0x0800024f   Thumb Code     0  startup_stm32f401xe.o(.text)
    DMA2_Stream5_IRQHandler                  0x0800024f   Thumb Code     0  startup_stm32f401xe.o(.text)
    DMA2_Stream6_IRQHandler                  0x0800024f   Thumb Code     0  startup_stm32f401xe.o(.text)
    DMA2_Stream7_IRQHandler                  0x0800024f   Thumb Code     0  startup_stm32f401xe.o(.text)
    EXTI0_IRQHandler                         0x0800024f   Thumb Code     0  startup_stm32f401xe.o(.text)
    EXTI15_10_IRQHandler                     0x0800024f   Thumb Code     0  startup_stm32f401xe.o(.text)
    EXTI1_IRQHandler                         0x0800024f   Thumb Code     0  startup_stm32f401xe.o(.text)
    EXTI2_IRQHandler                         0x0800024f   Thumb Code     0  startup_stm32f401xe.o(.text)
    EXTI3_IRQHandler                         0x0800024f   Thumb Code     0  startup_stm32f401xe.o(.text)
    EXTI4_IRQHandler                         0x0800024f   Thumb Code     0  startup_stm32f401xe.o(.text)
    EXTI9_5_IRQHandler                       0x0800024f   Thumb Code     0  startup_stm32f401xe.o(.text)
    FLASH_IRQHandler                         0x0800024f   Thumb Code     0  startup_stm32f401xe.o(.text)
    FPU_IRQHandler                           0x0800024f   Thumb Code     0  startup_stm32f401xe.o(.text)
    I2C1_ER_IRQHandler                       0x0800024f   Thumb Code     0  startup_stm32f401xe.o(.text)
    I2C1_EV_IRQHandler                       0x0800024f   Thumb Code     0  startup_stm32f401xe.o(.text)
    I2C2_ER_IRQHandler                       0x0800024f   Thumb Code     0  startup_stm32f401xe.o(.text)
    I2C2_EV_IRQHandler                       0x0800024f   Thumb Code     0  startup_stm32f401xe.o(.text)
    I2C3_ER_IRQHandler                       0x0800024f   Thumb Code     0  startup_stm32f401xe.o(.text)
    I2C3_EV_IRQHandler                       0x0800024f   Thumb Code     0  startup_stm32f401xe.o(.text)
    OTG_FS_IRQHandler                        0x0800024f   Thumb Code     0  startup_stm32f401xe.o(.text)
    OTG_FS_WKUP_IRQHandler                   0x0800024f   Thumb Code     0  startup_stm32f401xe.o(.text)
    PVD_IRQHandler                           0x0800024f   Thumb Code     0  startup_stm32f401xe.o(.text)
    RCC_IRQHandler                           0x0800024f   Thumb Code     0  startup_stm32f401xe.o(.text)
    RTC_Alarm_IRQHandler                     0x0800024f   Thumb Code     0  startup_stm32f401xe.o(.text)
    RTC_WKUP_IRQHandler                      0x0800024f   Thumb Code     0  startup_stm32f401xe.o(.text)
    SDIO_IRQHandler                          0x0800024f   Thumb Code     0  startup_stm32f401xe.o(.text)
    SPI1_IRQHandler                          0x0800024f   Thumb Code     0  startup_stm32f401xe.o(.text)
    SPI2_IRQHandler                          0x0800024f   Thumb Code     0  startup_stm32f401xe.o(.text)
    SPI3_IRQHandler                          0x0800024f   Thumb Code     0  startup_stm32f401xe.o(.text)
    SPI4_IRQHandler                          0x0800024f   Thumb Code     0  startup_stm32f401xe.o(.text)
    TAMP_STAMP_IRQHandler                    0x0800024f   Thumb Code     0  startup_stm32f401xe.o(.text)
    TIM1_BRK_TIM9_IRQHandler                 0x0800024f   Thumb Code     0  startup_stm32f401xe.o(.text)
    TIM1_CC_IRQHandler                       0x0800024f   Thumb Code     0  startup_stm32f401xe.o(.text)
    TIM1_TRG_COM_TIM11_IRQHandler            0x0800024f   Thumb Code     0  startup_stm32f401xe.o(.text)
    TIM1_UP_TIM10_IRQHandler                 0x0800024f   Thumb Code     0  startup_stm32f401xe.o(.text)
    TIM2_IRQHandler                          0x0800024f   Thumb Code     0  startup_stm32f401xe.o(.text)
    TIM3_IRQHandler                          0x0800024f   Thumb Code     0  startup_stm32f401xe.o(.text)
    TIM4_IRQHandler                          0x0800024f   Thumb Code     0  startup_stm32f401xe.o(.text)
    TIM5_IRQHandler                          0x0800024f   Thumb Code     0  startup_stm32f401xe.o(.text)
    USART1_IRQHandler                        0x0800024f   Thumb Code     0  startup_stm32f401xe.o(.text)
    USART2_IRQHandler                        0x0800024f   Thumb Code     0  startup_stm32f401xe.o(.text)
    USART6_IRQHandler                        0x0800024f   Thumb Code     0  startup_stm32f401xe.o(.text)
    WWDG_IRQHandler                          0x0800024f   Thumb Code     0  startup_stm32f401xe.o(.text)
    __user_initial_stackheap                 0x08000251   Thumb Code     0  startup_stm32f401xe.o(.text)
    __aeabi_memclr4                          0x08000275   Thumb Code     0  rt_memclr_w.o(.text)
    __aeabi_memclr8                          0x08000275   Thumb Code     0  rt_memclr_w.o(.text)
    __rt_memclr_w                            0x08000275   Thumb Code    78  rt_memclr_w.o(.text)
    _memset_w                                0x08000279   Thumb Code     0  rt_memclr_w.o(.text)
    __use_two_region_memory                  0x080002c3   Thumb Code     2  heapauxi.o(.text)
    __rt_heap_escrow$2region                 0x080002c5   Thumb Code     2  heapauxi.o(.text)
    __rt_heap_expand$2region                 0x080002c7   Thumb Code     2  heapauxi.o(.text)
    __user_setup_stackheap                   0x080002c9   Thumb Code    74  sys_stackheap_outer.o(.text)
    exit                                     0x08000313   Thumb Code    18  exit.o(.text)
    __user_libspace                          0x08000325   Thumb Code     8  libspace.o(.text)
    __user_perproc_libspace                  0x08000325   Thumb Code     0  libspace.o(.text)
    __user_perthread_libspace                0x08000325   Thumb Code     0  libspace.o(.text)
    _sys_exit                                0x0800032d   Thumb Code     8  sys_exit.o(.text)
    __I$use$semihosting                      0x08000339   Thumb Code     0  use_no_semi.o(.text)
    __use_no_semihosting_swi                 0x08000339   Thumb Code     2  use_no_semi.o(.text)
    __semihosting_library_function           0x0800033b   Thumb Code     0  indicate_semi.o(.text)
    HAL_Delay                                0x0800033d   Thumb Code    36  stm32f4xx_hal.o(i.HAL_Delay)
    HAL_GPIO_Init                            0x08000365   Thumb Code   436  stm32f4xx_hal_gpio.o(i.HAL_GPIO_Init)
    HAL_GPIO_WritePin                        0x08000539   Thumb Code    12  stm32f4xx_hal_gpio.o(i.HAL_GPIO_WritePin)
    HAL_GetTick                              0x08000545   Thumb Code     6  stm32f4xx_hal.o(i.HAL_GetTick)
    HAL_I2C_Init                             0x08000551   Thumb Code   446  stm32f4xx_hal_i2c.o(i.HAL_I2C_Init)
    HAL_I2C_Mem_Read                         0x08000721   Thumb Code   744  stm32f4xx_hal_i2c.o(i.HAL_I2C_Mem_Read)
    HAL_I2C_Mem_Write                        0x08000a15   Thumb Code   348  stm32f4xx_hal_i2c.o(i.HAL_I2C_Mem_Write)
    HAL_I2C_MspInit                          0x08000b79   Thumb Code     2  stm32f4xx_hal_i2c.o(i.HAL_I2C_MspInit)
    HAL_IncTick                              0x08000b7d   Thumb Code    16  stm32f4xx_hal.o(i.HAL_IncTick)
    HAL_Init                                 0x08000b95   Thumb Code    44  stm32f4xx_hal.o(i.HAL_Init)
    HAL_InitTick                             0x08000bc5   Thumb Code    64  stm32f4xx_hal.o(i.HAL_InitTick)
    HAL_MspInit                              0x08000c11   Thumb Code     2  stm32f4xx_hal.o(i.HAL_MspInit)
    HAL_NVIC_SetPriority                     0x08000c13   Thumb Code   124  stm32f4xx_hal_cortex.o(i.HAL_NVIC_SetPriority)
    HAL_NVIC_SetPriorityGrouping             0x08000c91   Thumb Code    32  stm32f4xx_hal_cortex.o(i.HAL_NVIC_SetPriorityGrouping)
    HAL_RCC_GetHCLKFreq                      0x08000cb9   Thumb Code     6  stm32f4xx_hal_rcc.o(i.HAL_RCC_GetHCLKFreq)
    HAL_RCC_GetPCLK1Freq                     0x08000cc5   Thumb Code    22  stm32f4xx_hal_rcc.o(i.HAL_RCC_GetPCLK1Freq)
    HAL_SYSTICK_Config                       0x08000ce5   Thumb Code    52  stm32f4xx_hal_cortex.o(i.HAL_SYSTICK_Config)
    SysTick_Handler                          0x0800121b   Thumb Code     8  main.o(i.SysTick_Handler)
    SystemInit                               0x08001225   Thumb Code    24  system_stm32f4xx.o(i.SystemInit)
    LCD::WriteBytes(const char*)             0x0800130b   Thumb Code    28  lcd.o(i._ZN3LCD10WriteBytesEPKc)
    LCD::WriteNibble(char, unsigned char)    0x08001329   Thumb Code   138  lcd.o(i._ZN3LCD11WriteNibbleEch)
    LCD::WriteInteger(unsigned)              0x080013b9   Thumb Code    48  lcd.o(i._ZN3LCD12WriteIntegerEj)
    LCD::Print(const char*)                  0x080013e9   Thumb Code    16  lcd.o(i._ZN3LCD5PrintEPKc)
    LCD::Print(unsigned char&)               0x080013f9   Thumb Code    16  lcd.o(i._ZN3LCD5PrintERh)
    LCD::Print(char)                         0x08001409   Thumb Code    18  lcd.o(i._ZN3LCD5PrintEc)
    LCD::SetCursor(unsigned char, unsigned char) 0x0800141d   Thumb Code    46  lcd.o(i._ZN3LCD9SetCursorEhh)
    LCD::WriteByte(GPIO_PinState, char)      0x08001451   Thumb Code    40  lcd.o(i._ZN3LCD9WriteByteE13GPIO_PinStatec)
    LCD::LCD(pinStruct_t&, pinStruct_t&, pinStruct_t&, pinStruct_t&, pinStruct_t&, pinStruct_t&) 0x08001479   Thumb Code   266  lcd.o(i._ZN3LCDC1ER11pinStruct_tS1_S1_S1_S1_S1_)
    LCD::LCD__sub_object(pinStruct_t&, pinStruct_t&, pinStruct_t&, pinStruct_t&, pinStruct_t&, pinStruct_t&) 0x08001479   Thumb Code     0  lcd.o(i._ZN3LCDC1ER11pinStruct_tS1_S1_S1_S1_S1_)
    BME280::GetData()                        0x0800158d   Thumb Code   358  bme280.o(i._ZN6BME2807GetDataEv)
    BME280::BME280(I2C_TypeDef*, pinStruct_t&, pinStruct_t&) 0x08001701   Thumb Code   158  bme280.o(i._ZN6BME280C1EP11I2C_TypeDefR11pinStruct_tS3_)
    BME280::BME280__sub_object(I2C_TypeDef*, pinStruct_t&, pinStruct_t&) 0x08001701   Thumb Code     0  bme280.o(i._ZN6BME280C1EP11I2C_TypeDefR11pinStruct_tS3_)
    DS3231::GetTime()                        0x080017b1   Thumb Code   124  ds3231.o(i._ZN6DS32317GetTimeEv)
    DS3231::SetTime(unsigned char, unsigned char) 0x0800182d   Thumb Code   104  ds3231.o(i._ZN6DS32317SetTimeEhh)
    DS3231::SetFormat(unsigned char)         0x08001895   Thumb Code   116  ds3231.o(i._ZN6DS32319SetFormatEh)
    DS3231::DS3231(I2C_TypeDef*, pinStruct_t&, pinStruct_t&) 0x08001909   Thumb Code   100  ds3231.o(i._ZN6DS3231C1EP11I2C_TypeDefR11pinStruct_tS3_)
    DS3231::DS3231__sub_object(I2C_TypeDef*, pinStruct_t&, pinStruct_t&) 0x08001909   Thumb Code     0  ds3231.o(i._ZN6DS3231C1EP11I2C_TypeDefR11pinStruct_tS3_)
    __cxa_guard_acquire                      0x080019a9   Thumb Code    16  cxa_guard_acquire.o(i.__cxa_guard_acquire)
    main                                     0x080019b9   Thumb Code   560  main.o(i.main)
    _fp_init                                 0x08001c49   Thumb Code    10  fpinit.o(x$fpl$fpinit)
    __fplib_config_fpu_vfp                   0x08001c51   Thumb Code     0  fpinit.o(x$fpl$fpinit)
    __fplib_config_pureend_doubles           0x08001c51   Thumb Code     0  fpinit.o(x$fpl$fpinit)
    AHBPrescTable                            0x08001ce6   Data          16  system_stm32f4xx.o(.constdata)
    APBPrescTable                            0x08001cf6   Data           8  system_stm32f4xx.o(.constdata)
    Region$$Table$$Base                      0x08001d00   Number         0  anon$$obj.o(Region$$Table)
    Region$$Table$$Limit                     0x08001d20   Number         0  anon$$obj.o(Region$$Table)
    uwTick                                   0x20000020   Data           4  stm32f4xx_hal.o(.data)
    uwTickPrio                               0x20000024   Data           4  stm32f4xx_hal.o(.data)
    uwTickFreq                               0x20000028   Data           1  stm32f4xx_hal.o(.data)
    SystemCoreClock                          0x2000002c   Data           4  system_stm32f4xx.o(.data)
    __libspace_start                         0x20000144   Data          96  libspace.o(.bss)
    __temporary_stack_top$libspace           0x200001a4   Data           0  libspace.o(.bss)



==============================================================================

Memory Map of the image

  Image Entry point : 0x08000235

  Load Region LR_1 (Base: 0x08000000, Size: 0x00001d50, Max: 0xffffffff, ABSOLUTE)

    Execution Region ER_RO (Exec base: 0x08000000, Load base: 0x08000000, Size: 0x00001d20, Max: 0xffffffff, ABSOLUTE)

    Exec Addr    Load Addr    Size         Type   Attr      Idx    E Section Name        Object

    0x08000000   0x08000000   0x00000194   Data   RO         1877    RESET               startup_stm32f401xe.o
    0x08000194   0x08000194   0x00000008   Code   RO         1927  * !!!main             c_w.l(__main.o)
    0x0800019c   0x0800019c   0x00000034   Code   RO         2102    !!!scatter          c_w.l(__scatter.o)
    0x080001d0   0x080001d0   0x0000001a   Code   RO         2104    !!handler_copy      c_w.l(__scatter_copy.o)
    0x080001ea   0x080001ea   0x00000002   PAD
    0x080001ec   0x080001ec   0x0000001c   Code   RO         2106    !!handler_zi        c_w.l(__scatter_zi.o)
    0x08000208   0x08000208   0x00000002   Code   RO         1970    .ARM.Collect$$libinit$$00000000  c_w.l(libinit.o)
    0x0800020a   0x0800020a   0x00000004   Code   RO         1982    .ARM.Collect$$libinit$$00000001  c_w.l(libinit2.o)
    0x0800020e   0x0800020e   0x00000000   Code   RO         1985    .ARM.Collect$$libinit$$00000004  c_w.l(libinit2.o)
    0x0800020e   0x0800020e   0x00000000   Code   RO         1988    .ARM.Collect$$libinit$$0000000A  c_w.l(libinit2.o)
    0x0800020e   0x0800020e   0x00000000   Code   RO         1990    .ARM.Collect$$libinit$$0000000C  c_w.l(libinit2.o)
    0x0800020e   0x0800020e   0x00000000   Code   RO         1992    .ARM.Collect$$libinit$$0000000E  c_w.l(libinit2.o)
    0x0800020e   0x0800020e   0x00000000   Code   RO         1995    .ARM.Collect$$libinit$$00000011  c_w.l(libinit2.o)
    0x0800020e   0x0800020e   0x00000000   Code   RO         1997    .ARM.Collect$$libinit$$00000013  c_w.l(libinit2.o)
    0x0800020e   0x0800020e   0x00000000   Code   RO         1999    .ARM.Collect$$libinit$$00000015  c_w.l(libinit2.o)
    0x0800020e   0x0800020e   0x00000000   Code   RO         2001    .ARM.Collect$$libinit$$00000017  c_w.l(libinit2.o)
    0x0800020e   0x0800020e   0x00000000   Code   RO         2003    .ARM.Collect$$libinit$$00000019  c_w.l(libinit2.o)
    0x0800020e   0x0800020e   0x00000000   Code   RO         2005    .ARM.Collect$$libinit$$0000001B  c_w.l(libinit2.o)
    0x0800020e   0x0800020e   0x00000000   Code   RO         2007    .ARM.Collect$$libinit$$0000001D  c_w.l(libinit2.o)
    0x0800020e   0x0800020e   0x00000000   Code   RO         2009    .ARM.Collect$$libinit$$0000001F  c_w.l(libinit2.o)
    0x0800020e   0x0800020e   0x00000000   Code   RO         2011    .ARM.Collect$$libinit$$00000021  c_w.l(libinit2.o)
    0x0800020e   0x0800020e   0x00000000   Code   RO         2013    .ARM.Collect$$libinit$$00000023  c_w.l(libinit2.o)
    0x0800020e   0x0800020e   0x00000000   Code   RO         2015    .ARM.Collect$$libinit$$00000025  c_w.l(libinit2.o)
    0x0800020e   0x0800020e   0x00000000   Code   RO         2019    .ARM.Collect$$libinit$$0000002C  c_w.l(libinit2.o)
    0x0800020e   0x0800020e   0x00000000   Code   RO         2021    .ARM.Collect$$libinit$$0000002E  c_w.l(libinit2.o)
    0x0800020e   0x0800020e   0x00000000   Code   RO         2023    .ARM.Collect$$libinit$$00000030  c_w.l(libinit2.o)
    0x0800020e   0x0800020e   0x00000000   Code   RO         2025    .ARM.Collect$$libinit$$00000032  c_w.l(libinit2.o)
    0x0800020e   0x0800020e   0x00000002   Code   RO         2026    .ARM.Collect$$libinit$$00000033  c_w.l(libinit2.o)
    0x08000210   0x08000210   0x00000002   Code   RO         2057    .ARM.Collect$$libshutdown$$00000000  c_w.l(libshutdown.o)
    0x08000212   0x08000212   0x00000000   Code   RO         2083    .ARM.Collect$$libshutdown$$00000002  c_w.l(libshutdown2.o)
    0x08000212   0x08000212   0x00000000   Code   RO         2085    .ARM.Collect$$libshutdown$$00000004  c_w.l(libshutdown2.o)
    0x08000212   0x08000212   0x00000000   Code   RO         2087    .ARM.Collect$$libshutdown$$00000006  c_w.l(libshutdown2.o)
    0x08000212   0x08000212   0x00000000   Code   RO         2090    .ARM.Collect$$libshutdown$$00000009  c_w.l(libshutdown2.o)
    0x08000212   0x08000212   0x00000000   Code   RO         2093    .ARM.Collect$$libshutdown$$0000000C  c_w.l(libshutdown2.o)
    0x08000212   0x08000212   0x00000000   Code   RO         2095    .ARM.Collect$$libshutdown$$0000000E  c_w.l(libshutdown2.o)
    0x08000212   0x08000212   0x00000000   Code   RO         2098    .ARM.Collect$$libshutdown$$00000011  c_w.l(libshutdown2.o)
    0x08000212   0x08000212   0x00000002   Code   RO         2099    .ARM.Collect$$libshutdown$$00000012  c_w.l(libshutdown2.o)
    0x08000214   0x08000214   0x00000000   Code   RO         1935    .ARM.Collect$$rtentry$$00000000  c_w.l(__rtentry.o)
    0x08000214   0x08000214   0x00000000   Code   RO         1941    .ARM.Collect$$rtentry$$00000002  c_w.l(__rtentry2.o)
    0x08000214   0x08000214   0x00000006   Code   RO         1953    .ARM.Collect$$rtentry$$00000004  c_w.l(__rtentry4.o)
    0x0800021a   0x0800021a   0x00000000   Code   RO         1943    .ARM.Collect$$rtentry$$00000009  c_w.l(__rtentry2.o)
    0x0800021a   0x0800021a   0x00000004   Code   RO         1944    .ARM.Collect$$rtentry$$0000000A  c_w.l(__rtentry2.o)
    0x0800021e   0x0800021e   0x00000000   Code   RO         1946    .ARM.Collect$$rtentry$$0000000C  c_w.l(__rtentry2.o)
    0x0800021e   0x0800021e   0x00000008   Code   RO         1947    .ARM.Collect$$rtentry$$0000000D  c_w.l(__rtentry2.o)
    0x08000226   0x08000226   0x00000002   Code   RO         1974    .ARM.Collect$$rtexit$$00000000  c_w.l(rtexit.o)
    0x08000228   0x08000228   0x00000000   Code   RO         2030    .ARM.Collect$$rtexit$$00000002  c_w.l(rtexit2.o)
    0x08000228   0x08000228   0x00000004   Code   RO         2031    .ARM.Collect$$rtexit$$00000003  c_w.l(rtexit2.o)
    0x0800022c   0x0800022c   0x00000006   Code   RO         2032    .ARM.Collect$$rtexit$$00000004  c_w.l(rtexit2.o)
    0x08000232   0x08000232   0x00000002   PAD
    0x08000234   0x08000234   0x00000040   Code   RO         1878  * .text               startup_stm32f401xe.o
    0x08000274   0x08000274   0x0000004e   Code   RO         1923    .text               c_w.l(rt_memclr_w.o)
    0x080002c2   0x080002c2   0x00000006   Code   RO         1925    .text               c_w.l(heapauxi.o)
    0x080002c8   0x080002c8   0x0000004a   Code   RO         1957    .text               c_w.l(sys_stackheap_outer.o)
    0x08000312   0x08000312   0x00000012   Code   RO         1959    .text               c_w.l(exit.o)
    0x08000324   0x08000324   0x00000008   Code   RO         1971    .text               c_w.l(libspace.o)
    0x0800032c   0x0800032c   0x0000000c   Code   RO         2027    .text               c_w.l(sys_exit.o)
    0x08000338   0x08000338   0x00000002   Code   RO         2046    .text               c_w.l(use_no_semi.o)
    0x0800033a   0x0800033a   0x00000000   Code   RO         2048    .text               c_w.l(indicate_semi.o)
    0x0800033a   0x0800033a   0x00000002   PAD
    0x0800033c   0x0800033c   0x00000028   Code   RO          399    i.HAL_Delay         stm32f4xx_hal.o
    0x08000364   0x08000364   0x000001d4   Code   RO          959    i.HAL_GPIO_Init     stm32f4xx_hal_gpio.o
    0x08000538   0x08000538   0x0000000c   Code   RO          963    i.HAL_GPIO_WritePin  stm32f4xx_hal_gpio.o
    0x08000544   0x08000544   0x0000000c   Code   RO          405    i.HAL_GetTick       stm32f4xx_hal.o
    0x08000550   0x08000550   0x000001d0   Code   RO         1033    i.HAL_I2C_Init      stm32f4xx_hal_i2c.o
    0x08000720   0x08000720   0x000002f4   Code   RO         1051    i.HAL_I2C_Mem_Read  stm32f4xx_hal_i2c.o
    0x08000a14   0x08000a14   0x00000164   Code   RO         1054    i.HAL_I2C_Mem_Write  stm32f4xx_hal_i2c.o
    0x08000b78   0x08000b78   0x00000002   Code   RO         1058    i.HAL_I2C_MspInit   stm32f4xx_hal_i2c.o
    0x08000b7a   0x08000b7a   0x00000002   PAD
    0x08000b7c   0x08000b7c   0x00000018   Code   RO          411    i.HAL_IncTick       stm32f4xx_hal.o
    0x08000b94   0x08000b94   0x00000030   Code   RO          412    i.HAL_Init          stm32f4xx_hal.o
    0x08000bc4   0x08000bc4   0x0000004c   Code   RO          413    i.HAL_InitTick      stm32f4xx_hal.o
    0x08000c10   0x08000c10   0x00000002   Code   RO          415    i.HAL_MspInit       stm32f4xx_hal.o
    0x08000c12   0x08000c12   0x0000007c   Code   RO          676    i.HAL_NVIC_SetPriority  stm32f4xx_hal_cortex.o
    0x08000c8e   0x08000c8e   0x00000002   PAD
    0x08000c90   0x08000c90   0x00000028   Code   RO          677    i.HAL_NVIC_SetPriorityGrouping  stm32f4xx_hal_cortex.o
    0x08000cb8   0x08000cb8   0x0000000c   Code   RO         1728    i.HAL_RCC_GetHCLKFreq  stm32f4xx_hal_rcc.o
    0x08000cc4   0x08000cc4   0x00000020   Code   RO         1730    i.HAL_RCC_GetPCLK1Freq  stm32f4xx_hal_rcc.o
    0x08000ce4   0x08000ce4   0x00000034   Code   RO          681    i.HAL_SYSTICK_Config  stm32f4xx_hal_cortex.o
    0x08000d18   0x08000d18   0x0000003e   Code   RO         1076    i.I2C_IsAcknowledgeFailed  stm32f4xx_hal_i2c.o
    0x08000d56   0x08000d56   0x00000002   PAD
    0x08000d58   0x08000d58   0x00000160   Code   RO         1087    i.I2C_RequestMemoryRead  stm32f4xx_hal_i2c.o
    0x08000eb8   0x08000eb8   0x000000e0   Code   RO         1088    i.I2C_RequestMemoryWrite  stm32f4xx_hal_i2c.o
    0x08000f98   0x08000f98   0x0000005c   Code   RO         1096    i.I2C_WaitOnBTFFlagUntilTimeout  stm32f4xx_hal_i2c.o
    0x08000ff4   0x08000ff4   0x00000086   Code   RO         1097    i.I2C_WaitOnFlagUntilTimeout  stm32f4xx_hal_i2c.o
    0x0800107a   0x0800107a   0x000000c4   Code   RO         1098    i.I2C_WaitOnMasterAddressFlagUntilTimeout  stm32f4xx_hal_i2c.o
    0x0800113e   0x0800113e   0x00000080   Code   RO         1099    i.I2C_WaitOnRXNEFlagUntilTimeout  stm32f4xx_hal_i2c.o
    0x080011be   0x080011be   0x0000005c   Code   RO         1102    i.I2C_WaitOnTXEFlagUntilTimeout  stm32f4xx_hal_i2c.o
    0x0800121a   0x0800121a   0x00000008   Code   RO            4    i.SysTick_Handler   main.o
    0x08001222   0x08001222   0x00000002   PAD
    0x08001224   0x08001224   0x0000001c   Code   RO         1886    i.SystemInit        system_stm32f4xx.o
    0x08001240   0x08001240   0x00000014   Code   RO          144    i._Z10BCD_To_Hexh   ds3231.o
    0x08001254   0x08001254   0x0000001c   Code   RO          145    i._Z10Hex_To_BCDh   ds3231.o
    0x08001270   0x08001270   0x00000044   Code   RO          294    i._Z15IntegerToStringjPc  lcd.o
    0x080012b4   0x080012b4   0x00000056   Code   RO          198    i._Z34BME280_StoreCompensationParametersPhS_P17bme280CompParam_t  bme280.o
    0x0800130a   0x0800130a   0x0000001c   Code   RO          295    i._ZN3LCD10WriteBytesEPKc  lcd.o
    0x08001326   0x08001326   0x00000002   PAD
    0x08001328   0x08001328   0x00000090   Code   RO          296    i._ZN3LCD11WriteNibbleEch  lcd.o
    0x080013b8   0x080013b8   0x00000030   Code   RO          297    i._ZN3LCD12WriteIntegerEj  lcd.o
    0x080013e8   0x080013e8   0x00000010   Code   RO          299    i._ZN3LCD5PrintEPKc  lcd.o
    0x080013f8   0x080013f8   0x00000010   Code   RO          300    i._ZN3LCD5PrintERh  lcd.o
    0x08001408   0x08001408   0x00000012   Code   RO          303    i._ZN3LCD5PrintEc   lcd.o
    0x0800141a   0x0800141a   0x00000002   PAD
    0x0800141c   0x0800141c   0x00000034   Code   RO          304    i._ZN3LCD9SetCursorEhh  lcd.o
    0x08001450   0x08001450   0x00000028   Code   RO          305    i._ZN3LCD9WriteByteE13GPIO_PinStatec  lcd.o
    0x08001478   0x08001478   0x00000114   Code   RO          306    i._ZN3LCDC1ER11pinStruct_tS1_S1_S1_S1_S1_  lcd.o
    0x0800158c   0x0800158c   0x00000174   Code   RO          199    i._ZN6BME2807GetDataEv  bme280.o
    0x08001700   0x08001700   0x000000b0   Code   RO          200    i._ZN6BME280C1EP11I2C_TypeDefR11pinStruct_tS3_  bme280.o
    0x080017b0   0x080017b0   0x0000007c   Code   RO          146    i._ZN6DS32317GetTimeEv  ds3231.o
    0x0800182c   0x0800182c   0x00000068   Code   RO          147    i._ZN6DS32317SetTimeEhh  ds3231.o
    0x08001894   0x08001894   0x00000074   Code   RO          148    i._ZN6DS32319SetFormatEh  ds3231.o
    0x08001908   0x08001908   0x00000068   Code   RO          149    i._ZN6DS3231C1EP11I2C_TypeDefR11pinStruct_tS3_  ds3231.o
    0x08001970   0x08001970   0x00000010   Code   RO          683    i.__NVIC_GetPriorityGrouping  stm32f4xx_hal_cortex.o
    0x08001980   0x08001980   0x00000028   Code   RO          684    i.__NVIC_SetPriority  stm32f4xx_hal_cortex.o
    0x080019a8   0x080019a8   0x00000010   Code   RO         1929    i.__cxa_guard_acquire  cpprt_w.l(cxa_guard_acquire.o)
    0x080019b8   0x080019b8   0x00000290   Code   RO            5    i.main              main.o
    0x08001c48   0x08001c48   0x0000000a   Code   RO         2042    x$fpl$fpinit        fz_wm.l(fpinit.o)
    0x08001c52   0x08001c52   0x00000002   PAD
    0x08001c54   0x08001c54   0x00000040   Data   RO            9    .constdata          main.o
    0x08001c94   0x08001c94   0x00000052   Data   RO          320    .constdata          lcd.o
    0x08001ce6   0x08001ce6   0x00000018   Data   RO         1887    .constdata          system_stm32f4xx.o
    0x08001cfe   0x08001cfe   0x00000002   PAD
    0x08001d00   0x08001d00   0x00000020   Data   RO         2100    Region$$Table       anon$$obj.o


    Execution Region ER_RW (Exec base: 0x20000000, Load base: 0x08001d20, Size: 0x00000030, Max: 0xffffffff, ABSOLUTE)

    Exec Addr    Load Addr    Size         Type   Attr      Idx    E Section Name        Object

    0x20000000   0x08001d20   0x00000012   Data   RW           10    .data               main.o
    0x20000012   0x08001d32   0x00000002   PAD
    0x20000014   0x08001d34   0x0000000c   Data   RW          205    .data               bme280.o
    0x20000020   0x08001d40   0x00000009   Data   RW          419    .data               stm32f4xx_hal.o
    0x20000029   0x08001d49   0x00000003   PAD
    0x2000002c   0x08001d4c   0x00000004   Data   RW         1888    .data               system_stm32f4xx.o


    Execution Region ER_ZI (Exec base: 0x20000030, Load base: 0x08001d50, Size: 0x00000778, Max: 0xffffffff, ABSOLUTE)

    Exec Addr    Load Addr    Size         Type   Attr      Idx    E Section Name        Object

    0x20000030        -       0x000000d8   Zero   RW            8    .bss                main.o
    0x20000108        -       0x0000003c   Zero   RW          204    .bss                bme280.o
    0x20000144        -       0x00000060   Zero   RW         1972    .bss                c_w.l(libspace.o)
    0x200001a4   0x08001d50   0x00000004   PAD
    0x200001a8        -       0x00000200   Zero   RW         1876    HEAP                startup_stm32f401xe.o
    0x200003a8        -       0x00000400   Zero   RW         1875    STACK               startup_stm32f401xe.o


==============================================================================

Image component sizes


      Code (inc. data)   RO Data    RW Data    ZI Data      Debug   Object Name

       634         32          0         12         60     336660   bme280.o
       496          4          0          0          0       4608   ds3231.o
       706         22         82          0          0       7976   lcd.o
       664         96         64         18        216     340705   main.o
        64         26        404          0       1536        940   startup_stm32f401xe.o
       202         34          0          9          0     348427   stm32f4xx_hal.o
       272         22          0          0          0      34258   stm32f4xx_hal_cortex.o
       480         32          0          0          0       2604   stm32f4xx_hal_gpio.o
      2858         46          0          0          0      13388   stm32f4xx_hal_i2c.o
        44         16          0          0          0       1317   stm32f4xx_hal_rcc.o
        28          4         24          4          0       1579   system_stm32f4xx.o

    ----------------------------------------------------------------------
      6460        334        608         48       1812    1092462   Object Totals
         0          0         32          0          0          0   (incl. Generated)
        12          0          2          5          0          0   (incl. Padding)

    ----------------------------------------------------------------------

      Code (inc. data)   RO Data    RW Data    ZI Data      Debug   Library Member Name

         8          0          0          0          0         68   __main.o
         0          0          0          0          0          0   __rtentry.o
        12          0          0          0          0          0   __rtentry2.o
         6          0          0          0          0          0   __rtentry4.o
        52          8          0          0          0          0   __scatter.o
        26          0          0          0          0          0   __scatter_copy.o
        28          0          0          0          0          0   __scatter_zi.o
        18          0          0          0          0         80   exit.o
         6          0          0          0          0        152   heapauxi.o
         0          0          0          0          0          0   indicate_semi.o
         2          0          0          0          0          0   libinit.o
         6          0          0          0          0          0   libinit2.o
         2          0          0          0          0          0   libshutdown.o
         2          0          0          0          0          0   libshutdown2.o
         8          4          0          0         96         68   libspace.o
        78          0          0          0          0         80   rt_memclr_w.o
         2          0          0          0          0          0   rtexit.o
        10          0          0          0          0          0   rtexit2.o
        12          4          0          0          0         68   sys_exit.o
        74          0          0          0          0         80   sys_stackheap_outer.o
         2          0          0          0          0         68   use_no_semi.o
        16          0          0          0          0         68   cxa_guard_acquire.o
        10          0          0          0          0        116   fpinit.o

    ----------------------------------------------------------------------
       388         16          0          0        100        848   Library Totals
         8          0          0          0          4          0   (incl. Padding)

    ----------------------------------------------------------------------

      Code (inc. data)   RO Data    RW Data    ZI Data      Debug   Library Name

       354         16          0          0         96        664   c_w.l
        16          0          0          0          0         68   cpprt_w.l
        10          0          0          0          0        116   fz_wm.l

    ----------------------------------------------------------------------
       388         16          0          0        100        848   Library Totals

    ----------------------------------------------------------------------

==============================================================================


      Code (inc. data)   RO Data    RW Data    ZI Data      Debug   

      6848        350        608         48       1912    1088650   Grand Totals
      6848        350        608         48       1912    1088650   ELF Image Totals
      6848        350        608         48          0          0   ROM Totals

==============================================================================

    Total RO  Size (Code + RO Data)                 7456 (   7.28kB)
    Total RW  Size (RW Data + ZI Data)              1960 (   1.91kB)
    Total ROM Size (Code + RO Data + RW Data)       7504 (   7.33kB)

==============================================================================

